
> GLOKarts-realtime@0.1.0 start
> node src/index.js

{"ts":"2026-03-20T19:07:07.152Z","level":"info","event":"server_start","port":2567,"env":"development"}

       ___      _
      / __\___ | |_   _ ___  ___ _   _ ___
     / /  / _ \| | | | / __|/ _ \ | | / __|
    / /__| (_) | | |_| \__ \  __/ |_| \__ \
    \____/\___/|_|\__, |___/\___|\__,_|___/
                  |___/

     · Multiplayer Framework for Node.js ·

💖 Consider becoming a Sponsor on GitHub → https://github.com/sponsors/endel
🌟 Give us a star on GitHub → https://github.com/colyseus/colyseus
☁️  Deploy and scale your project on Colyseus Cloud → https://cloud.colyseus.io


[battle_room] created roomId=BnJDDBLGe gameType=deathmatch scoreLimit=5 maxClients=2 patchRateMs=17
{"ts":"2026-03-20T19:07:31.844Z","level":"info","event":"room_create","room":"battle_room","roomId":"BnJDDBLGe","gameType":"deathmatch","scoreLimit":5,"maxClients":2,"patchRateMs":16.666666666666668,"staleInputMs":500,"authoritative":true}
[battle_room] join sessionId=crEm5kuIB name=Player team=red players=1
{"ts":"2026-03-20T19:07:32.708Z","level":"info","event":"room_join","room":"battle_room","roomId":"BnJDDBLGe","sessionId":"crEm5kuIB","name":"Player","players":1}
{"ts":"2026-03-20T19:07:38.956Z","level":"info","event":"room_leave","room":"battle_room","roomId":"BnJDDBLGe","sessionId":"crEm5kuIB","players":0}
[battle_room] leave sessionId=crEm5kuIB players=0
[battle_room] created roomId=tHY28K9ID gameType=deathmatch scoreLimit=5 maxClients=2 patchRateMs=17
{"ts":"2026-03-20T19:07:45.870Z","level":"info","event":"room_create","room":"battle_room","roomId":"tHY28K9ID","gameType":"deathmatch","scoreLimit":5,"maxClients":2,"patchRateMs":16.666666666666668,"staleInputMs":500,"authoritative":true}
[battle_room] join sessionId=CzrTUE1gI name=Player team=red players=1
{"ts":"2026-03-20T19:07:46.895Z","level":"info","event":"room_join","room":"battle_room","roomId":"tHY28K9ID","sessionId":"CzrTUE1gI","name":"Player","players":1}
{"ts":"2026-03-20T19:07:54.030Z","level":"info","event":"room_leave","room":"battle_room","roomId":"tHY28K9ID","sessionId":"CzrTUE1gI","players":0}
[battle_room] leave sessionId=CzrTUE1gI players=0
[battle_room] created roomId=hNw-m-dFr gameType=deathmatch scoreLimit=5 maxClients=2 patchRateMs=17
{"ts":"2026-03-20T19:08:55.109Z","level":"info","event":"room_create","room":"battle_room","roomId":"hNw-m-dFr","gameType":"deathmatch","scoreLimit":5,"maxClients":2,"patchRateMs":16.666666666666668,"staleInputMs":500,"authoritative":true}
[battle_room] join sessionId=kGGRoCruJ name=Player team=red players=1
{"ts":"2026-03-20T19:08:55.957Z","level":"info","event":"room_join","room":"battle_room","roomId":"hNw-m-dFr","sessionId":"kGGRoCruJ","name":"Player","players":1}
{"ts":"2026-03-20T19:09:02.620Z","level":"info","event":"battle_ready","room":"battle_room","roomId":"hNw-m-dFr","sessionId":"kGGRoCruJ","readyCount":0,"players":1}
[battle_room] join sessionId=zatl0P7ki name=Player team=blue players=2
{"ts":"2026-03-20T19:09:08.747Z","level":"info","event":"room_join","room":"battle_room","roomId":"hNw-m-dFr","sessionId":"zatl0P7ki","name":"Player","players":2}
{"ts":"2026-03-20T19:09:15.331Z","level":"info","event":"room_leave","room":"battle_room","roomId":"hNw-m-dFr","sessionId":"zatl0P7ki","players":1}
[battle_room] leave sessionId=zatl0P7ki players=1
{"ts":"2026-03-20T19:10:08.976Z","level":"info","event":"room_leave","room":"battle_room","roomId":"hNw-m-dFr","sessionId":"kGGRoCruJ","players":0}
[battle_room] leave sessionId=kGGRoCruJ players=0
[battle_room] created roomId=C1oI-6t9y gameType=deathmatch scoreLimit=5 maxClients=12 patchRateMs=33
{"ts":"2026-03-20T19:10:25.682Z","level":"info","event":"room_create","room":"battle_room","roomId":"C1oI-6t9y","gameType":"deathmatch","scoreLimit":5,"maxClients":12,"patchRateMs":33.333333333333336,"staleInputMs":500,"authoritative":true}
[battle_room] join sessionId=xGIxnQIwN name=Player_3919 team=red players=1
{"ts":"2026-03-20T19:10:28.767Z","level":"info","event":"room_join","room":"battle_room","roomId":"C1oI-6t9y","sessionId":"xGIxnQIwN","name":"Player_3919","players":1}
{"ts":"2026-03-20T19:10:28.850Z","level":"info","event":"battle_ready","room":"battle_room","roomId":"C1oI-6t9y","sessionId":"xGIxnQIwN","readyCount":0,"players":1}
{"ts":"2026-03-20T19:10:48.122Z","level":"info","event":"room_leave","room":"battle_room","roomId":"C1oI-6t9y","sessionId":"xGIxnQIwN","players":0}
[battle_room] leave sessionId=xGIxnQIwN players=0
[battle_room] created roomId=k4rfjhdT7 gameType=deathmatch scoreLimit=5 maxClients=12 patchRateMs=33
{"ts":"2026-03-20T19:10:49.177Z","level":"info","event":"room_create","room":"battle_room","roomId":"k4rfjhdT7","gameType":"deathmatch","scoreLimit":5,"maxClients":12,"patchRateMs":33.333333333333336,"staleInputMs":500,"authoritative":true}
[battle_room] join sessionId=xYK0vSpos name=Player_3919 team=red players=1
{"ts":"2026-03-20T19:10:49.269Z","level":"info","event":"room_join","room":"battle_room","roomId":"k4rfjhdT7","sessionId":"xYK0vSpos","name":"Player_3919","players":1}
[battle_room] join sessionId=csGq4_cQI name=Player_6587 team=blue players=2
{"ts":"2026-03-20T19:10:51.591Z","level":"info","event":"room_join","room":"battle_room","roomId":"k4rfjhdT7","sessionId":"csGq4_cQI","name":"Player_6587","players":2}
{"ts":"2026-03-20T19:10:52.953Z","level":"info","event":"battle_ready","room":"battle_room","roomId":"k4rfjhdT7","sessionId":"xYK0vSpos","readyCount":0,"players":2}
{"ts":"2026-03-20T19:10:55.112Z","level":"info","event":"battle_ready","room":"battle_room","roomId":"k4rfjhdT7","sessionId":"csGq4_cQI","readyCount":1,"players":2}
[battle_room] created roomId=EkcO5fqwH gameType=deathmatch scoreLimit=5 maxClients=2 patchRateMs=17
{"ts":"2026-03-20T19:11:20.532Z","level":"info","event":"room_create","room":"battle_room","roomId":"EkcO5fqwH","gameType":"deathmatch","scoreLimit":5,"maxClients":2,"patchRateMs":16.666666666666668,"staleInputMs":500,"authoritative":true}
[battle_room] join sessionId=NyLWGQq8H name=Player team=red players=1
{"ts":"2026-03-20T19:11:21.195Z","level":"info","event":"room_join","room":"battle_room","roomId":"EkcO5fqwH","sessionId":"NyLWGQq8H","name":"Player","players":1}
[battle_room] join sessionId=FXQGTKr3- name=Player team=blue players=2
{"ts":"2026-03-20T19:11:25.666Z","level":"info","event":"room_join","room":"battle_room","roomId":"EkcO5fqwH","sessionId":"FXQGTKr3-","name":"Player","players":2}
{"ts":"2026-03-20T19:11:27.712Z","level":"info","event":"battle_ready","room":"battle_room","roomId":"EkcO5fqwH","sessionId":"NyLWGQq8H","readyCount":0,"players":2}
{"ts":"2026-03-20T19:11:32.754Z","level":"info","event":"battle_ready","room":"battle_room","roomId":"EkcO5fqwH","sessionId":"FXQGTKr3-","readyCount":1,"players":2}
{"ts":"2026-03-20T19:15:29.257Z","level":"info","event":"room_leave","room":"battle_room","roomId":"k4rfjhdT7","sessionId":"csGq4_cQI","players":1}
[battle_room] leave sessionId=csGq4_cQI players=1
{"ts":"2026-03-20T19:15:30.918Z","level":"info","event":"room_leave","room":"battle_room","roomId":"k4rfjhdT7","sessionId":"xYK0vSpos","players":0}
[battle_room] leave sessionId=xYK0vSpos players=0
[battle_room] created roomId=Z-bwzvWXj gameType=deathmatch scoreLimit=5 maxClients=12 patchRateMs=33
{"ts":"2026-03-20T19:15:32.567Z","level":"info","event":"room_create","room":"battle_room","roomId":"Z-bwzvWXj","gameType":"deathmatch","scoreLimit":5,"maxClients":12,"patchRateMs":33.333333333333336,"staleInputMs":500,"authoritative":true}
[battle_room] join sessionId=UrAERAfNW name=Player_6587 team=red players=1
{"ts":"2026-03-20T19:15:32.802Z","level":"info","event":"room_join","room":"battle_room","roomId":"Z-bwzvWXj","sessionId":"UrAERAfNW","name":"Player_6587","players":1}
[battle_room] join sessionId=pUbMNOsr5 name=Player_3919 team=blue players=2
{"ts":"2026-03-20T19:15:33.189Z","level":"info","event":"room_join","room":"battle_room","roomId":"Z-bwzvWXj","sessionId":"pUbMNOsr5","name":"Player_3919","players":2}
{"ts":"2026-03-20T19:15:38.578Z","level":"info","event":"battle_ready","room":"battle_room","roomId":"Z-bwzvWXj","sessionId":"UrAERAfNW","readyCount":0,"players":2}
{"ts":"2026-03-20T19:15:39.903Z","level":"info","event":"battle_ready","room":"battle_room","roomId":"Z-bwzvWXj","sessionId":"pUbMNOsr5","readyCount":1,"players":2}
{"ts":"2026-03-20T19:18:32.804Z","level":"info","event":"room_leave","room":"battle_room","roomId":"EkcO5fqwH","sessionId":"FXQGTKr3-","players":1}
[battle_room] leave sessionId=FXQGTKr3- players=1
{"ts":"2026-03-20T19:18:32.824Z","level":"info","event":"room_leave","room":"battle_room","roomId":"EkcO5fqwH","sessionId":"NyLWGQq8H","players":0}
[battle_room] leave sessionId=NyLWGQq8H players=0
[battle_room] created roomId=T5UMJx269 gameType=deathmatch scoreLimit=5 maxClients=2 patchRateMs=17
{"ts":"2026-03-20T19:25:30.810Z","level":"info","event":"room_create","room":"battle_room","roomId":"T5UMJx269","gameType":"deathmatch","scoreLimit":5,"maxClients":2,"patchRateMs":16.666666666666668,"staleInputMs":500,"authoritative":true}
[battle_room] join sessionId=v7khtmfWt name=Player team=red players=1
{"ts":"2026-03-20T19:25:31.261Z","level":"info","event":"room_join","room":"battle_room","roomId":"T5UMJx269","sessionId":"v7khtmfWt","name":"Player","players":1}
{"ts":"2026-03-20T19:25:34.821Z","level":"info","event":"battle_ready","room":"battle_room","roomId":"T5UMJx269","sessionId":"v7khtmfWt","readyCount":0,"players":1}
{"ts":"2026-03-20T19:25:45.245Z","level":"info","event":"room_leave","room":"battle_room","roomId":"T5UMJx269","sessionId":"v7khtmfWt","players":0}
[battle_room] leave sessionId=v7khtmfWt players=0
{"ts":"2026-03-20T19:28:09.437Z","level":"info","event":"room_leave","room":"battle_room","roomId":"Z-bwzvWXj","sessionId":"pUbMNOsr5","players":1}
[battle_room] leave sessionId=pUbMNOsr5 players=1
[battle_room] join sessionId=2poqGa-0k name=Player_3919 team=blue players=2
{"ts":"2026-03-20T19:28:23.017Z","level":"info","event":"room_join","room":"battle_room","roomId":"Z-bwzvWXj","sessionId":"2poqGa-0k","name":"Player_3919","players":2}
{"ts":"2026-03-20T19:28:29.881Z","level":"info","event":"room_leave","room":"battle_room","roomId":"Z-bwzvWXj","sessionId":"2poqGa-0k","players":1}
[battle_room] leave sessionId=2poqGa-0k players=1
[battle_room] join sessionId=D5lgEhBHR name=Player_3919 team=blue players=2
{"ts":"2026-03-20T19:28:33.704Z","level":"info","event":"room_join","room":"battle_room","roomId":"Z-bwzvWXj","sessionId":"D5lgEhBHR","name":"Player_3919","players":2}
{"ts":"2026-03-20T19:28:42.504Z","level":"info","event":"room_leave","room":"battle_room","roomId":"Z-bwzvWXj","sessionId":"D5lgEhBHR","players":1}
[battle_room] leave sessionId=D5lgEhBHR players=1
[battle_room] join sessionId=-Z2fNjmqG name=Player_3919 team=blue players=2
{"ts":"2026-03-20T19:28:45.352Z","level":"info","event":"room_join","room":"battle_room","roomId":"Z-bwzvWXj","sessionId":"-Z2fNjmqG","name":"Player_3919","players":2}
{"ts":"2026-03-20T19:28:54.218Z","level":"info","event":"room_leave","room":"battle_room","roomId":"Z-bwzvWXj","sessionId":"-Z2fNjmqG","players":1}
[battle_room] leave sessionId=-Z2fNjmqG players=1
[battle_room] join sessionId=tIWjbaToe name=Player_3919 team=blue players=2
{"ts":"2026-03-20T19:29:04.544Z","level":"info","event":"room_join","room":"battle_room","roomId":"Z-bwzvWXj","sessionId":"tIWjbaToe","name":"Player_3919","players":2}
{"ts":"2026-03-20T19:29:12.266Z","level":"info","event":"room_leave","room":"battle_room","roomId":"Z-bwzvWXj","sessionId":"tIWjbaToe","players":1}
[battle_room] leave sessionId=tIWjbaToe players=1
{"ts":"2026-03-20T19:29:18.152Z","level":"info","event":"room_leave","room":"battle_room","roomId":"Z-bwzvWXj","sessionId":"UrAERAfNW","players":0}
[battle_room] leave sessionId=UrAERAfNW players=0
[battle_room] created roomId=GugUZIQ1N gameType=deathmatch scoreLimit=5 maxClients=12 patchRateMs=33
{"ts":"2026-03-20T19:29:27.170Z","level":"info","event":"room_create","room":"battle_room","roomId":"GugUZIQ1N","gameType":"deathmatch","scoreLimit":5,"maxClients":12,"patchRateMs":33.333333333333336,"staleInputMs":500,"authoritative":true}
[battle_room] join sessionId=PmFLiiJsF name=Player_3919 team=red players=1
{"ts":"2026-03-20T19:29:27.473Z","level":"info","event":"room_join","room":"battle_room","roomId":"GugUZIQ1N","sessionId":"PmFLiiJsF","name":"Player_3919","players":1}
{"ts":"2026-03-20T19:29:36.317Z","level":"info","event":"room_leave","room":"battle_room","roomId":"GugUZIQ1N","sessionId":"PmFLiiJsF","players":0}
[battle_room] leave sessionId=PmFLiiJsF players=0
[battle_room] join sessionId=pUCcDZrXU name=Player_6587 team=red players=1
{"ts":"2026-03-20T19:29:41.951Z","level":"info","event":"room_join","room":"battle_room","roomId":"GugUZIQ1N","sessionId":"pUCcDZrXU","name":"Player_6587","players":1}
{"ts":"2026-03-20T19:29:42.042Z","level":"info","event":"battle_ready","room":"battle_room","roomId":"GugUZIQ1N","sessionId":"pUCcDZrXU","readyCount":0,"players":1}
{"ts":"2026-03-20T19:29:42.246Z","level":"info","event":"room_leave","room":"battle_room","roomId":"GugUZIQ1N","sessionId":"pUCcDZrXU","players":0}
[battle_room] leave sessionId=pUCcDZrXU players=0
[battle_room] created roomId=qyO_6afqX gameType=deathmatch scoreLimit=5 maxClients=12 patchRateMs=33
{"ts":"2026-03-20T19:29:45.177Z","level":"info","event":"room_create","room":"battle_room","roomId":"qyO_6afqX","gameType":"deathmatch","scoreLimit":5,"maxClients":12,"patchRateMs":33.333333333333336,"staleInputMs":500,"authoritative":true}
[battle_room] join sessionId=3LKuaf4Z- name=Player_3919 team=red players=1
{"ts":"2026-03-20T19:29:45.271Z","level":"info","event":"room_join","room":"battle_room","roomId":"qyO_6afqX","sessionId":"3LKuaf4Z-","name":"Player_3919","players":1}
[battle_room] join sessionId=6Q4M-HI4M name=Player_6587 team=blue players=2
{"ts":"2026-03-20T19:29:48.999Z","level":"info","event":"room_join","room":"battle_room","roomId":"qyO_6afqX","sessionId":"6Q4M-HI4M","name":"Player_6587","players":2}
{"ts":"2026-03-20T19:29:51.343Z","level":"info","event":"room_leave","room":"battle_room","roomId":"qyO_6afqX","sessionId":"3LKuaf4Z-","players":1}
[battle_room] leave sessionId=3LKuaf4Z- players=1
{"ts":"2026-03-20T19:29:57.358Z","level":"info","event":"room_leave","room":"battle_room","roomId":"qyO_6afqX","sessionId":"6Q4M-HI4M","players":0}
[battle_room] leave sessionId=6Q4M-HI4M players=0
[battle_room] created roomId=N2O9evxPi gameType=deathmatch scoreLimit=5 maxClients=12 patchRateMs=33
{"ts":"2026-03-20T19:30:01.777Z","level":"info","event":"room_create","room":"battle_room","roomId":"N2O9evxPi","gameType":"deathmatch","scoreLimit":5,"maxClients":12,"patchRateMs":33.333333333333336,"staleInputMs":500,"authoritative":true}
[battle_room] join sessionId=bIRKHLiEo name=Player_3919 team=red players=1
{"ts":"2026-03-20T19:30:01.860Z","level":"info","event":"room_join","room":"battle_room","roomId":"N2O9evxPi","sessionId":"bIRKHLiEo","name":"Player_3919","players":1}
{"ts":"2026-03-20T19:30:09.377Z","level":"info","event":"room_leave","room":"battle_room","roomId":"N2O9evxPi","sessionId":"bIRKHLiEo","players":0}
[battle_room] leave sessionId=bIRKHLiEo players=0
[battle_room] created roomId=Q-Q9odPHv gameType=deathmatch scoreLimit=5 maxClients=12 patchRateMs=33
{"ts":"2026-03-20T19:30:21.796Z","level":"info","event":"room_create","room":"battle_room","roomId":"Q-Q9odPHv","gameType":"deathmatch","scoreLimit":5,"maxClients":12,"patchRateMs":33.333333333333336,"staleInputMs":500,"authoritative":true}
[battle_room] join sessionId=4fXbilG99 name=Player_3919 team=red players=1
{"ts":"2026-03-20T19:30:21.861Z","level":"info","event":"room_join","room":"battle_room","roomId":"Q-Q9odPHv","sessionId":"4fXbilG99","name":"Player_3919","players":1}
[battle_room] join sessionId=qfXeHB0Dm name=Player_6587 team=blue players=2
{"ts":"2026-03-20T19:30:24.563Z","level":"info","event":"room_join","room":"battle_room","roomId":"Q-Q9odPHv","sessionId":"qfXeHB0Dm","name":"Player_6587","players":2}
{"ts":"2026-03-20T19:30:30.403Z","level":"info","event":"room_leave","room":"battle_room","roomId":"Q-Q9odPHv","sessionId":"4fXbilG99","players":1}
[battle_room] leave sessionId=4fXbilG99 players=1
{"ts":"2026-03-20T19:30:33.421Z","level":"info","event":"room_leave","room":"battle_room","roomId":"Q-Q9odPHv","sessionId":"qfXeHB0Dm","players":0}
[battle_room] leave sessionId=qfXeHB0Dm players=0
[battle_room] created roomId=hxseUvAqQ gameType=deathmatch scoreLimit=5 maxClients=12 patchRateMs=33
{"ts":"2026-03-20T19:30:36.951Z","level":"info","event":"room_create","room":"battle_room","roomId":"hxseUvAqQ","gameType":"deathmatch","scoreLimit":5,"maxClients":12,"patchRateMs":33.333333333333336,"staleInputMs":500,"authoritative":true}
[battle_room] join sessionId=0_LinQAj7 name=Player_3919 team=red players=1
{"ts":"2026-03-20T19:30:37.019Z","level":"info","event":"room_join","room":"battle_room","roomId":"hxseUvAqQ","sessionId":"0_LinQAj7","name":"Player_3919","players":1}
[battle_room] join sessionId=zIlbGmJSa name=Player_6587 team=blue players=2
{"ts":"2026-03-20T19:30:43.797Z","level":"info","event":"room_join","room":"battle_room","roomId":"hxseUvAqQ","sessionId":"zIlbGmJSa","name":"Player_6587","players":2}
{"ts":"2026-03-20T19:30:45.447Z","level":"info","event":"room_leave","room":"battle_room","roomId":"hxseUvAqQ","sessionId":"0_LinQAj7","players":1}
[battle_room] leave sessionId=0_LinQAj7 players=1
{"ts":"2026-03-20T19:30:51.461Z","level":"info","event":"room_leave","room":"battle_room","roomId":"hxseUvAqQ","sessionId":"zIlbGmJSa","players":0}
[battle_room] leave sessionId=zIlbGmJSa players=0
[battle_room] created roomId=GkEOdWEyq gameType=deathmatch scoreLimit=5 maxClients=12 patchRateMs=33
{"ts":"2026-03-20T19:30:53.269Z","level":"info","event":"room_create","room":"battle_room","roomId":"GkEOdWEyq","gameType":"deathmatch","scoreLimit":5,"maxClients":12,"patchRateMs":33.333333333333336,"staleInputMs":500,"authoritative":true}
[battle_room] join sessionId=qlQYYp1h8 name=Player_3919 team=red players=1
{"ts":"2026-03-20T19:30:53.337Z","level":"info","event":"room_join","room":"battle_room","roomId":"GkEOdWEyq","sessionId":"qlQYYp1h8","name":"Player_3919","players":1}
{"ts":"2026-03-20T19:30:59.489Z","level":"info","event":"battle_ready","room":"battle_room","roomId":"GkEOdWEyq","sessionId":"qlQYYp1h8","readyCount":0,"players":1}
{"ts":"2026-03-20T19:30:59.687Z","level":"info","event":"room_leave","room":"battle_room","roomId":"GkEOdWEyq","sessionId":"qlQYYp1h8","players":0}
[battle_room] leave sessionId=qlQYYp1h8 players=0
[battle_room] created roomId=UElceDPkT gameType=deathmatch scoreLimit=5 maxClients=12 patchRateMs=33
{"ts":"2026-03-20T19:31:01.053Z","level":"info","event":"room_create","room":"battle_room","roomId":"UElceDPkT","gameType":"deathmatch","scoreLimit":5,"maxClients":12,"patchRateMs":33.333333333333336,"staleInputMs":500,"authoritative":true}
[battle_room] join sessionId=fk6kU_oVh name=Player_6587 team=red players=1
{"ts":"2026-03-20T19:31:01.133Z","level":"info","event":"room_join","room":"battle_room","roomId":"UElceDPkT","sessionId":"fk6kU_oVh","name":"Player_6587","players":1}
[battle_room] join sessionId=goBcKTbP6 name=Player_3919 team=blue players=2
{"ts":"2026-03-20T19:31:07.124Z","level":"info","event":"room_join","room":"battle_room","roomId":"UElceDPkT","sessionId":"goBcKTbP6","name":"Player_3919","players":2}
{"ts":"2026-03-20T19:31:09.500Z","level":"info","event":"room_leave","room":"battle_room","roomId":"UElceDPkT","sessionId":"fk6kU_oVh","players":1}
[battle_room] leave sessionId=fk6kU_oVh players=1
{"ts":"2026-03-20T19:31:15.524Z","level":"info","event":"room_leave","room":"battle_room","roomId":"UElceDPkT","sessionId":"goBcKTbP6","players":0}
[battle_room] leave sessionId=goBcKTbP6 players=0
[battle_room] created roomId=bfyLxXaHw gameType=deathmatch scoreLimit=5 maxClients=2 patchRateMs=17
{"ts":"2026-03-20T19:31:16.907Z","level":"info","event":"room_create","room":"battle_room","roomId":"bfyLxXaHw","gameType":"deathmatch","scoreLimit":5,"maxClients":2,"patchRateMs":16.666666666666668,"staleInputMs":500,"authoritative":true}
[battle_room] join sessionId=tz3vrVXFj name=Player team=red players=1
{"ts":"2026-03-20T19:31:17.551Z","level":"info","event":"room_join","room":"battle_room","roomId":"bfyLxXaHw","sessionId":"tz3vrVXFj","name":"Player","players":1}
{"ts":"2026-03-20T19:31:22.458Z","level":"info","event":"battle_ready","room":"battle_room","roomId":"bfyLxXaHw","sessionId":"tz3vrVXFj","readyCount":0,"players":1}
{"ts":"2026-03-20T19:31:28.865Z","level":"info","event":"room_leave","room":"battle_room","roomId":"bfyLxXaHw","sessionId":"tz3vrVXFj","players":0}
[battle_room] leave sessionId=tz3vrVXFj players=0
[battle_room] created roomId=RRn4DsNVm gameType=deathmatch scoreLimit=5 maxClients=2 patchRateMs=17
{"ts":"2026-03-20T19:31:32.076Z","level":"info","event":"room_create","room":"battle_room","roomId":"RRn4DsNVm","gameType":"deathmatch","scoreLimit":5,"maxClients":2,"patchRateMs":16.666666666666668,"staleInputMs":500,"authoritative":true}
[battle_room] join sessionId=hd16ZDj14 name=Player team=red players=1
{"ts":"2026-03-20T19:31:32.582Z","level":"info","event":"room_join","room":"battle_room","roomId":"RRn4DsNVm","sessionId":"hd16ZDj14","name":"Player","players":1}
{"ts":"2026-03-20T19:31:37.140Z","level":"info","event":"battle_ready","room":"battle_room","roomId":"RRn4DsNVm","sessionId":"hd16ZDj14","readyCount":0,"players":1}
{"ts":"2026-03-20T19:31:41.896Z","level":"info","event":"room_leave","room":"battle_room","roomId":"RRn4DsNVm","sessionId":"hd16ZDj14","players":0}
[battle_room] leave sessionId=hd16ZDj14 players=0
[battle_room] created roomId=SOdkcj24Z gameType=deathmatch scoreLimit=5 maxClients=2 patchRateMs=17
{"ts":"2026-03-20T19:31:44.857Z","level":"info","event":"room_create","room":"battle_room","roomId":"SOdkcj24Z","gameType":"deathmatch","scoreLimit":5,"maxClients":2,"patchRateMs":16.666666666666668,"staleInputMs":500,"authoritative":true}
[battle_room] join sessionId=P05SeHc3V name=Player team=red players=1
{"ts":"2026-03-20T19:31:45.439Z","level":"info","event":"room_join","room":"battle_room","roomId":"SOdkcj24Z","sessionId":"P05SeHc3V","name":"Player","players":1}
{"ts":"2026-03-20T19:31:50.336Z","level":"info","event":"battle_ready","room":"battle_room","roomId":"SOdkcj24Z","sessionId":"P05SeHc3V","readyCount":0,"players":1}
{"ts":"2026-03-20T19:31:54.031Z","level":"info","event":"room_leave","room":"battle_room","roomId":"SOdkcj24Z","sessionId":"P05SeHc3V","players":0}
[battle_room] leave sessionId=P05SeHc3V players=0
[battle_room] created roomId=7fh3Qxreb gameType=deathmatch scoreLimit=5 maxClients=2 patchRateMs=17
{"ts":"2026-03-20T19:32:09.114Z","level":"info","event":"room_create","room":"battle_room","roomId":"7fh3Qxreb","gameType":"deathmatch","scoreLimit":5,"maxClients":2,"patchRateMs":16.666666666666668,"staleInputMs":500,"authoritative":true}
[battle_room] join sessionId=whJkIWpNT name=Player team=red players=1
{"ts":"2026-03-20T19:32:09.462Z","level":"info","event":"room_join","room":"battle_room","roomId":"7fh3Qxreb","sessionId":"whJkIWpNT","name":"Player","players":1}
{"ts":"2026-03-20T19:32:12.434Z","level":"info","event":"battle_ready","room":"battle_room","roomId":"7fh3Qxreb","sessionId":"whJkIWpNT","readyCount":0,"players":1}
{"ts":"2026-03-20T19:32:16.730Z","level":"info","event":"room_leave","room":"battle_room","roomId":"7fh3Qxreb","sessionId":"whJkIWpNT","players":0}
[battle_room] leave sessionId=whJkIWpNT players=0
{"ts":"2026-03-20T19:33:58.360Z","level":"info","event":"room_join","room":"lobby_room","roomId":"Rxd4jb3bs","sessionId":"Ilr-xakCC","players":1}
{"ts":"2026-03-20T19:34:04.911Z","level":"info","event":"room_join","room":"lobby_room","roomId":"Rxd4jb3bs","sessionId":"uZgcK3qmC","players":2}
{"ts":"2026-03-20T19:34:24.083Z","level":"info","event":"room_leave","room":"lobby_room","roomId":"Rxd4jb3bs","sessionId":"uZgcK3qmC","players":1}
{"ts":"2026-03-20T19:34:24.084Z","level":"info","event":"room_leave","room":"lobby_room","roomId":"Rxd4jb3bs","sessionId":"Ilr-xakCC","players":0}
[battle_room] created roomId=HXYJ_TpHg gameType=deathmatch scoreLimit=5 maxClients=12 patchRateMs=33
{"ts":"2026-03-20T19:34:25.324Z","level":"info","event":"room_create","room":"battle_room","roomId":"HXYJ_TpHg","gameType":"deathmatch","scoreLimit":5,"maxClients":12,"patchRateMs":33.333333333333336,"staleInputMs":500,"authoritative":true}
[battle_room] join sessionId=DpJm2NPqV name=Player_8224 team=red players=1
{"ts":"2026-03-20T19:34:27.604Z","level":"info","event":"room_join","room":"battle_room","roomId":"HXYJ_TpHg","sessionId":"DpJm2NPqV","name":"Player_8224","players":1}
[battle_room] join sessionId=xnTbI3sad name=Player_361 team=blue players=2
{"ts":"2026-03-20T19:34:29.407Z","level":"info","event":"room_join","room":"battle_room","roomId":"HXYJ_TpHg","sessionId":"xnTbI3sad","name":"Player_361","players":2}
{"ts":"2026-03-20T19:34:29.487Z","level":"info","event":"battle_ready","room":"battle_room","roomId":"HXYJ_TpHg","sessionId":"DpJm2NPqV","readyCount":0,"players":2}
{"ts":"2026-03-20T19:34:29.489Z","level":"info","event":"battle_ready","room":"battle_room","roomId":"HXYJ_TpHg","sessionId":"xnTbI3sad","readyCount":1,"players":2}
{"ts":"2026-03-20T19:34:47.599Z","level":"warn","event":"rate_limited","sessionId":"xnTbI3sad","messageType":"input","violations":1}
{"ts":"2026-03-20T19:34:47.620Z","level":"warn","event":"rate_limited","sessionId":"xnTbI3sad","messageType":"input","violations":2}
{"ts":"2026-03-20T19:34:47.640Z","level":"warn","event":"rate_limited","sessionId":"xnTbI3sad","messageType":"input","violations":3}
{"ts":"2026-03-20T19:34:52.986Z","level":"warn","event":"rate_limited","sessionId":"xnTbI3sad","messageType":"input","violations":4}
{"ts":"2026-03-20T19:34:52.996Z","level":"warn","event":"rate_limited","sessionId":"xnTbI3sad","messageType":"input","violations":5}
[battle_room] created roomId=eQQXUdhJM gameType=deathmatch scoreLimit=5 maxClients=2 patchRateMs=17
{"ts":"2026-03-20T19:35:58.299Z","level":"info","event":"room_create","room":"battle_room","roomId":"eQQXUdhJM","gameType":"deathmatch","scoreLimit":5,"maxClients":2,"patchRateMs":16.666666666666668,"staleInputMs":500,"authoritative":true}
[battle_room] join sessionId=Wug3kNwjJ name=Player team=red players=1
{"ts":"2026-03-20T19:35:58.626Z","level":"info","event":"room_join","room":"battle_room","roomId":"eQQXUdhJM","sessionId":"Wug3kNwjJ","name":"Player","players":1}
{"ts":"2026-03-20T19:36:01.153Z","level":"info","event":"battle_ready","room":"battle_room","roomId":"eQQXUdhJM","sessionId":"Wug3kNwjJ","readyCount":0,"players":1}
{"ts":"2026-03-20T19:36:09.915Z","level":"info","event":"room_leave","room":"battle_room","roomId":"eQQXUdhJM","sessionId":"Wug3kNwjJ","players":0}
[battle_room] leave sessionId=Wug3kNwjJ players=0
{"ts":"2026-03-20T19:36:37.232Z","level":"info","event":"room_leave","room":"battle_room","roomId":"HXYJ_TpHg","sessionId":"DpJm2NPqV","players":1}
[battle_room] leave sessionId=DpJm2NPqV players=1
{"ts":"2026-03-20T19:36:37.809Z","level":"info","event":"room_leave","room":"battle_room","roomId":"HXYJ_TpHg","sessionId":"xnTbI3sad","players":0}
[battle_room] leave sessionId=xnTbI3sad players=0
[battle_room] created roomId=1oTmbKpOf gameType=deathmatch scoreLimit=5 maxClients=12 patchRateMs=33
{"ts":"2026-03-20T19:36:39.622Z","level":"info","event":"room_create","room":"battle_room","roomId":"1oTmbKpOf","gameType":"deathmatch","scoreLimit":5,"maxClients":12,"patchRateMs":33.333333333333336,"staleInputMs":500,"authoritative":true}
[battle_room] join sessionId=tVM_XSpKA name=Player_8224 team=red players=1
{"ts":"2026-03-20T19:36:42.252Z","level":"info","event":"room_join","room":"battle_room","roomId":"1oTmbKpOf","sessionId":"tVM_XSpKA","name":"Player_8224","players":1}
[battle_room] join sessionId=30-Nqj_Po name=Player_361 team=blue players=2
{"ts":"2026-03-20T19:36:45.026Z","level":"info","event":"room_join","room":"battle_room","roomId":"1oTmbKpOf","sessionId":"30-Nqj_Po","name":"Player_361","players":2}
{"ts":"2026-03-20T19:36:45.104Z","level":"info","event":"battle_ready","room":"battle_room","roomId":"1oTmbKpOf","sessionId":"tVM_XSpKA","readyCount":0,"players":2}
{"ts":"2026-03-20T19:36:45.223Z","level":"info","event":"battle_ready","room":"battle_room","roomId":"1oTmbKpOf","sessionId":"30-Nqj_Po","readyCount":1,"players":2}
{"ts":"2026-03-20T19:36:53.279Z","level":"info","event":"room_leave","room":"battle_room","roomId":"1oTmbKpOf","sessionId":"tVM_XSpKA","players":1}
[battle_room] leave sessionId=tVM_XSpKA players=1
{"ts":"2026-03-20T19:36:53.318Z","level":"info","event":"room_leave","room":"battle_room","roomId":"1oTmbKpOf","sessionId":"30-Nqj_Po","players":0}
[battle_room] leave sessionId=30-Nqj_Po players=0
[battle_room] created roomId=DHObnsiLN gameType=deathmatch scoreLimit=5 maxClients=12 patchRateMs=33
{"ts":"2026-03-20T19:36:55.070Z","level":"info","event":"room_create","room":"battle_room","roomId":"DHObnsiLN","gameType":"deathmatch","scoreLimit":5,"maxClients":12,"patchRateMs":33.333333333333336,"staleInputMs":500,"authoritative":true}
[battle_room] join sessionId=BKc6kLOsc name=Player_361 team=red players=1
{"ts":"2026-03-20T19:37:01.135Z","level":"info","event":"room_join","room":"battle_room","roomId":"DHObnsiLN","sessionId":"BKc6kLOsc","name":"Player_361","players":1}
[battle_room] join sessionId=8DTUgmNJN name=Player_8224 team=blue players=2
{"ts":"2026-03-20T19:37:01.155Z","level":"info","event":"room_join","room":"battle_room","roomId":"DHObnsiLN","sessionId":"8DTUgmNJN","name":"Player_8224","players":2}
{"ts":"2026-03-20T19:37:01.253Z","level":"info","event":"battle_ready","room":"battle_room","roomId":"DHObnsiLN","sessionId":"BKc6kLOsc","readyCount":0,"players":2}
{"ts":"2026-03-20T19:37:01.267Z","level":"info","event":"battle_ready","room":"battle_room","roomId":"DHObnsiLN","sessionId":"8DTUgmNJN","readyCount":1,"players":2}
{"ts":"2026-03-20T19:37:01.295Z","level":"info","event":"room_leave","room":"battle_room","roomId":"DHObnsiLN","sessionId":"8DTUgmNJN","players":1}
[battle_room] leave sessionId=8DTUgmNJN players=1
{"ts":"2026-03-20T19:37:01.318Z","level":"info","event":"room_leave","room":"battle_room","roomId":"DHObnsiLN","sessionId":"BKc6kLOsc","players":0}
[battle_room] leave sessionId=BKc6kLOsc players=0
[battle_room] created roomId=5r-Uj7JXh gameType=deathmatch scoreLimit=5 maxClients=12 patchRateMs=33
{"ts":"2026-03-20T19:37:02.608Z","level":"info","event":"room_create","room":"battle_room","roomId":"5r-Uj7JXh","gameType":"deathmatch","scoreLimit":5,"maxClients":12,"patchRateMs":33.333333333333336,"staleInputMs":500,"authoritative":true}
[battle_room] join sessionId=Xhf8xG6YI name=Player_8224 team=red players=1
{"ts":"2026-03-20T19:37:06.552Z","level":"info","event":"room_join","room":"battle_room","roomId":"5r-Uj7JXh","sessionId":"Xhf8xG6YI","name":"Player_8224","players":1}
[battle_room] join sessionId=PNrcY0hFn name=Player_361 team=blue players=2
{"ts":"2026-03-20T19:37:10.217Z","level":"info","event":"room_join","room":"battle_room","roomId":"5r-Uj7JXh","sessionId":"PNrcY0hFn","name":"Player_361","players":2}
{"ts":"2026-03-20T19:37:10.332Z","level":"info","event":"battle_ready","room":"battle_room","roomId":"5r-Uj7JXh","sessionId":"Xhf8xG6YI","readyCount":0,"players":2}
{"ts":"2026-03-20T19:37:10.434Z","level":"info","event":"battle_ready","room":"battle_room","roomId":"5r-Uj7JXh","sessionId":"PNrcY0hFn","readyCount":1,"players":2}
[battle_room] created roomId=4efLpQA9A gameType=deathmatch scoreLimit=5 maxClients=2 patchRateMs=17
{"ts":"2026-03-20T19:37:34.702Z","level":"info","event":"room_create","room":"battle_room","roomId":"4efLpQA9A","gameType":"deathmatch","scoreLimit":5,"maxClients":2,"patchRateMs":16.666666666666668,"staleInputMs":500,"authoritative":true}
[battle_room] join sessionId=iSQFo-Wt0 name=Player team=red players=1
{"ts":"2026-03-20T19:37:35.054Z","level":"info","event":"room_join","room":"battle_room","roomId":"4efLpQA9A","sessionId":"iSQFo-Wt0","name":"Player","players":1}
{"ts":"2026-03-20T19:37:37.890Z","level":"info","event":"battle_ready","room":"battle_room","roomId":"4efLpQA9A","sessionId":"iSQFo-Wt0","readyCount":0,"players":1}
{"ts":"2026-03-20T19:37:41.109Z","level":"info","event":"room_leave","room":"battle_room","roomId":"4efLpQA9A","sessionId":"iSQFo-Wt0","players":0}
[battle_room] leave sessionId=iSQFo-Wt0 players=0
[battle_room] created roomId=4ZpHGyhb_ gameType=deathmatch scoreLimit=5 maxClients=2 patchRateMs=17
{"ts":"2026-03-20T19:37:43.299Z","level":"info","event":"room_create","room":"battle_room","roomId":"4ZpHGyhb_","gameType":"deathmatch","scoreLimit":5,"maxClients":2,"patchRateMs":16.666666666666668,"staleInputMs":500,"authoritative":true}
[battle_room] join sessionId=5CRN6lj29 name=Player team=red players=1
{"ts":"2026-03-20T19:37:43.653Z","level":"info","event":"room_join","room":"battle_room","roomId":"4ZpHGyhb_","sessionId":"5CRN6lj29","name":"Player","players":1}
{"ts":"2026-03-20T19:37:46.434Z","level":"info","event":"battle_ready","room":"battle_room","roomId":"4ZpHGyhb_","sessionId":"5CRN6lj29","readyCount":0,"players":1}
{"ts":"2026-03-20T19:37:49.731Z","level":"info","event":"room_leave","room":"battle_room","roomId":"4ZpHGyhb_","sessionId":"5CRN6lj29","players":0}
[battle_room] leave sessionId=5CRN6lj29 players=0
[battle_room] created roomId=zaKPBz1ud gameType=deathmatch scoreLimit=5 maxClients=2 patchRateMs=17
{"ts":"2026-03-20T19:37:51.782Z","level":"info","event":"room_create","room":"battle_room","roomId":"zaKPBz1ud","gameType":"deathmatch","scoreLimit":5,"maxClients":2,"patchRateMs":16.666666666666668,"staleInputMs":500,"authoritative":true}
[battle_room] join sessionId=tXgK49sHU name=Player team=red players=1
{"ts":"2026-03-20T19:37:52.113Z","level":"info","event":"room_join","room":"battle_room","roomId":"zaKPBz1ud","sessionId":"tXgK49sHU","name":"Player","players":1}
{"ts":"2026-03-20T19:37:54.892Z","level":"info","event":"battle_ready","room":"battle_room","roomId":"zaKPBz1ud","sessionId":"tXgK49sHU","readyCount":0,"players":1}
{"ts":"2026-03-20T19:37:57.747Z","level":"info","event":"room_leave","room":"battle_room","roomId":"zaKPBz1ud","sessionId":"tXgK49sHU","players":0}
[battle_room] leave sessionId=tXgK49sHU players=0
{"ts":"2026-03-20T19:39:00.197Z","level":"info","event":"room_leave","room":"battle_room","roomId":"5r-Uj7JXh","sessionId":"Xhf8xG6YI","players":1}
[battle_room] leave sessionId=Xhf8xG6YI players=1
{"ts":"2026-03-20T19:39:00.458Z","level":"info","event":"room_leave","room":"battle_room","roomId":"5r-Uj7JXh","sessionId":"PNrcY0hFn","players":0}
[battle_room] leave sessionId=PNrcY0hFn players=0
[battle_room] created roomId=K47xLC-tT gameType=deathmatch scoreLimit=5 maxClients=12 patchRateMs=33
{"ts":"2026-03-20T19:39:03.123Z","level":"info","event":"room_create","room":"battle_room","roomId":"K47xLC-tT","gameType":"deathmatch","scoreLimit":5,"maxClients":12,"patchRateMs":33.333333333333336,"staleInputMs":500,"authoritative":true}
[battle_room] created roomId=r1Dwwbyaa gameType=deathmatch scoreLimit=5 maxClients=2 patchRateMs=17
{"ts":"2026-03-20T19:39:12.213Z","level":"info","event":"room_create","room":"battle_room","roomId":"r1Dwwbyaa","gameType":"deathmatch","scoreLimit":5,"maxClients":2,"patchRateMs":16.666666666666668,"staleInputMs":500,"authoritative":true}
[battle_room] join sessionId=vc0vFh0LF name=Player team=red players=1
{"ts":"2026-03-20T19:39:12.664Z","level":"info","event":"room_join","room":"battle_room","roomId":"r1Dwwbyaa","sessionId":"vc0vFh0LF","name":"Player","players":1}
[battle_room] join sessionId=f3YmeFNwA name=Player_361 team=red players=1
{"ts":"2026-03-20T19:39:13.335Z","level":"info","event":"room_join","room":"battle_room","roomId":"K47xLC-tT","sessionId":"f3YmeFNwA","name":"Player_361","players":1}
[battle_room] join sessionId=89WnyNeLG name=Player_8224 team=blue players=2
{"ts":"2026-03-20T19:39:13.362Z","level":"info","event":"room_join","room":"battle_room","roomId":"K47xLC-tT","sessionId":"89WnyNeLG","name":"Player_8224","players":2}
{"ts":"2026-03-20T19:39:13.547Z","level":"info","event":"battle_ready","room":"battle_room","roomId":"K47xLC-tT","sessionId":"f3YmeFNwA","readyCount":0,"players":2}
{"ts":"2026-03-20T19:39:13.577Z","level":"info","event":"battle_ready","room":"battle_room","roomId":"K47xLC-tT","sessionId":"89WnyNeLG","readyCount":1,"players":2}
{"ts":"2026-03-20T19:39:16.449Z","level":"info","event":"battle_ready","room":"battle_room","roomId":"r1Dwwbyaa","sessionId":"vc0vFh0LF","readyCount":0,"players":1}
{"ts":"2026-03-20T19:39:20.441Z","level":"info","event":"room_leave","room":"battle_room","roomId":"r1Dwwbyaa","sessionId":"vc0vFh0LF","players":0}
[battle_room] leave sessionId=vc0vFh0LF players=0
[battle_room] created roomId=Y545dja7z gameType=deathmatch scoreLimit=5 maxClients=2 patchRateMs=17
{"ts":"2026-03-20T19:39:23.139Z","level":"info","event":"room_create","room":"battle_room","roomId":"Y545dja7z","gameType":"deathmatch","scoreLimit":5,"maxClients":2,"patchRateMs":16.666666666666668,"staleInputMs":500,"authoritative":true}
[battle_room] join sessionId=LxOvGBBM6 name=Player team=red players=1
{"ts":"2026-03-20T19:39:23.588Z","level":"info","event":"room_join","room":"battle_room","roomId":"Y545dja7z","sessionId":"LxOvGBBM6","name":"Player","players":1}
{"ts":"2026-03-20T19:39:27.201Z","level":"info","event":"battle_ready","room":"battle_room","roomId":"Y545dja7z","sessionId":"LxOvGBBM6","readyCount":0,"players":1}
{"ts":"2026-03-20T19:39:31.485Z","level":"info","event":"room_leave","room":"battle_room","roomId":"Y545dja7z","sessionId":"LxOvGBBM6","players":0}
[battle_room] leave sessionId=LxOvGBBM6 players=0
[battle_room] created roomId=sW_I_JMDm gameType=deathmatch scoreLimit=5 maxClients=2 patchRateMs=17
{"ts":"2026-03-20T19:39:34.116Z","level":"info","event":"room_create","room":"battle_room","roomId":"sW_I_JMDm","gameType":"deathmatch","scoreLimit":5,"maxClients":2,"patchRateMs":16.666666666666668,"staleInputMs":500,"authoritative":true}
[battle_room] join sessionId=SAQVjl9Cq name=Player team=red players=1
{"ts":"2026-03-20T19:39:34.630Z","level":"info","event":"room_join","room":"battle_room","roomId":"sW_I_JMDm","sessionId":"SAQVjl9Cq","name":"Player","players":1}
{"ts":"2026-03-20T19:39:37.397Z","level":"info","event":"battle_ready","room":"battle_room","roomId":"sW_I_JMDm","sessionId":"SAQVjl9Cq","readyCount":0,"players":1}
{"ts":"2026-03-20T19:39:40.766Z","level":"info","event":"room_leave","room":"battle_room","roomId":"sW_I_JMDm","sessionId":"SAQVjl9Cq","players":0}
[battle_room] leave sessionId=SAQVjl9Cq players=0
{"ts":"2026-03-20T19:42:08.302Z","level":"info","event":"room_leave","room":"battle_room","roomId":"K47xLC-tT","sessionId":"f3YmeFNwA","players":1}
[battle_room] leave sessionId=f3YmeFNwA players=1
{"ts":"2026-03-20T19:42:09.743Z","level":"info","event":"room_leave","room":"battle_room","roomId":"K47xLC-tT","sessionId":"89WnyNeLG","players":0}
[battle_room] leave sessionId=89WnyNeLG players=0
[battle_room] created roomId=nMdAjJiHC gameType=deathmatch scoreLimit=5 maxClients=12 patchRateMs=33
{"ts":"2026-03-20T19:42:10.942Z","level":"info","event":"room_create","room":"battle_room","roomId":"nMdAjJiHC","gameType":"deathmatch","scoreLimit":5,"maxClients":12,"patchRateMs":33.333333333333336,"staleInputMs":500,"authoritative":true}
[battle_room] join sessionId=0XztlF2zF name=Player_361 team=red players=1
{"ts":"2026-03-20T19:42:11.151Z","level":"info","event":"room_join","room":"battle_room","roomId":"nMdAjJiHC","sessionId":"0XztlF2zF","name":"Player_361","players":1}
{"ts":"2026-03-20T19:42:13.187Z","level":"info","event":"battle_ready","room":"battle_room","roomId":"nMdAjJiHC","sessionId":"0XztlF2zF","readyCount":0,"players":1}
[battle_room] join sessionId=1Kt1RhMWP name=Player_8224 team=blue players=2
{"ts":"2026-03-20T19:42:14.320Z","level":"info","event":"room_join","room":"battle_room","roomId":"nMdAjJiHC","sessionId":"1Kt1RhMWP","name":"Player_8224","players":2}
{"ts":"2026-03-20T19:42:16.302Z","level":"info","event":"battle_ready","room":"battle_room","roomId":"nMdAjJiHC","sessionId":"1Kt1RhMWP","readyCount":1,"players":2}
{"ts":"2026-03-20T19:42:31.603Z","level":"info","event":"room_leave","room":"battle_room","roomId":"nMdAjJiHC","sessionId":"0XztlF2zF","players":1}
[battle_room] leave sessionId=0XztlF2zF players=1
{"ts":"2026-03-20T19:42:32.546Z","level":"info","event":"room_leave","room":"battle_room","roomId":"nMdAjJiHC","sessionId":"1Kt1RhMWP","players":0}
[battle_room] leave sessionId=1Kt1RhMWP players=0
