
> frontend@0.0.0 predev
> npm run prepare:havok


> frontend@0.0.0 prepare:havok
> node scripts/prepare-havok-wasm.mjs

[prepare-havok-wasm] Copied to C:\Users\laptop\twistedkart\frontend\public\havok\HavokPhysics.wasm

> frontend@0.0.0 dev
> vite --host 127.0.0.1 --port 5173


  [32m[1mVITE[22m v6.2.6[39m  [2mready in [0m[1m364[22m[2m[0m ms[22m

  [32m➜[39m  [1mLocal[22m:   [36mhttp://127.0.0.1:[1m5173[22m/[39m
[2m[32m  ➜[39m[22m[2m  press [22m[1mh + enter[22m[2m to show help[22m
[2m12:34:46 AM[22m [36m[1m[vite][22m[39m [90m[2m(client)[22m[39m [32mpage reload [39m[2mtests/reports/html/index.html[22m
[2m12:34:46 AM[22m [36m[1m[vite][22m[39m [90m[2m(client)[22m[39m [32mpage reload [39m[2mtests/reports/html/trace/snapshot.html[22m
[2m12:34:46 AM[22m [36m[1m[vite][22m[39m [90m[2m(client)[22m[39m [32mpage reload [39m[2mtests/reports/html/trace/index.html[22m
[2m12:34:46 AM[22m [36m[1m[vite][22m[39m [90m[2m(client)[22m[39m [32mpage reload [39m[2mtests/reports/html/trace/uiMode.html[22m
[2m12:34:46 AM[22m [36m[1m[vite][22m[39m [90m[2m(client)[22m[39m [32mpage reload [39m[2mtests/reports/html/index.html[22m
[2m12:45:47 AM[22m [36m[1m[vite][22m[39m [90m[2m(client)[22m[39m [32mpage reload [39m[2mtests/reports/html/index.html[22m
[2m12:50:24 AM[22m [36m[1m[vite][22m[39m [90m[2m(client)[22m[39m [32mpage reload [39m[2mtests/reports/html/index.html[22m
[2m12:50:50 AM[22m [36m[1m[vite][22m[39m [90m[2m(client)[22m[39m [32mpage reload [39m[2msrc/modules/realtime/colyseus-babylon-client.js[22m
[2m12:53:04 AM[22m [36m[1m[vite][22m[39m [90m[2m(client)[22m[39m [32mpage reload [39m[2mtests/reports/html/index.html[22m
[2m12:53:33 AM[22m [36m[1m[vite][22m[39m [90m[2m(client)[22m[39m [32mpage reload [39m[2msrc/modules/realtime/colyseus-babylon-client.js[22m
[2m12:56:56 AM[22m [36m[1m[vite][22m[39m [90m[2m(client)[22m[39m [32mpage reload [39m[2mtests/reports/html/index.html[22m
[2m1:02:12 AM[22m [36m[1m[vite][22m[39m [90m[2m(client)[22m[39m [32mpage reload [39m[2mtests/reports/html/index.html[22m
[2m1:04:12 AM[22m [36m[1m[vite][22m[39m [90m[2m(client)[22m[39m [32mpage reload [39m[2mtests/reports/html/index.html[22m
[2m1:05:40 AM[22m [36m[1m[vite][22m[39m [90m[2m(client)[22m[39m [32mpage reload [39m[2mtests/reports/html/index.html[22m
[2m1:11:12 AM[22m [36m[1m[vite][22m[39m [90m[2m(client)[22m[39m [32mpage reload [39m[2mtests/reports/html/index.html[22m
[2m1:11:51 AM[22m [36m[1m[vite][22m[39m [90m[2m(client)[22m[39m [32mpage reload [39m[2msrc/modules/realtime/colyseus-babylon-client.js[22m
[2m1:15:45 AM[22m [36m[1m[vite][22m[39m [90m[2m(client)[22m[39m [32mpage reload [39m[2mtests/reports/html/index.html[22m
[2m1:19:10 AM[22m [36m[1m[vite][22m[39m [90m[2m(client)[22m[39m [32mpage reload [39m[2mtests/reports/html/index.html[22m
[2m10:20:10 AM[22m [36m[1m[vite][22m[39m [90m[2m(client)[22m[39m [32mpage reload [39m[2mrealtime.html[22m
[2m10:20:17 AM[22m [36m[1m[vite][22m[39m [90m[2m(client)[22m[39m [32mpage reload [39m[2msrc/modules/realtime/prematch-lobby.js[22m
[2m10:20:56 AM[22m [36m[1m[vite][22m[39m [90m[2m(client)[22m[39m [32mpage reload [39m[2mrealtime.html[22m
[2m10:20:56 AM[22m [36m[1m[vite][22m[39m [90m[2m(client)[22m[39m [32mpage reload [39m[2msrc/modules/realtime/prematch-lobby.js[22m
