
> frontend@0.0.0 predev
> npm run prepare:havok


> frontend@0.0.0 prepare:havok
> node scripts/prepare-havok-wasm.mjs

[prepare-havok-wasm] Copied to C:\Users\laptop\twistedkart\frontend\public\havok\HavokPhysics.wasm

> frontend@0.0.0 dev
> vite --host 127.0.0.1 --port 5173


  [32m[1mVITE[22m v6.2.6[39m  [2mready in [0m[1m613[22m[2m[0m ms[22m

  [32m➜[39m  [1mLocal[22m:   [36mhttp://127.0.0.1:[1m5173[22m/[39m
[2m10:45:26 PM[22m [36m[1m[vite][22m[39m [90m[2m(client)[22m[39m [32mpage reload [39m[2msrc/modules/battle-gui-hud.js[22m
[2m10:45:30 PM[22m [36m[1m[vite][22m[39m [90m[2m(client)[22m[39m [32mpage reload [39m[2msrc/modules/battle-gui-hud.js[22m
[2m10:45:51 PM[22m [36m[1m[vite][22m[39m [90m[2m(client)[22m[39m [32mpage reload [39m[2msrc/modules/realtime/colyseus-babylon-client.js[22m
[2m10:48:50 PM[22m [36m[1m[vite][22m[39m [90m[2m(client)[22m[39m [32mpage reload [39m[2msrc/modules/battle-gui-hud.js[22m
[2m10:48:55 PM[22m [36m[1m[vite][22m[39m [90m[2m(client)[22m[39m [32mpage reload [39m[2msrc/modules/battle-gui-hud.js[22m
[2m10:52:03 PM[22m [36m[1m[vite][22m[39m [90m[2m(client)[22m[39m [32mpage reload [39m[2msrc/modules/battle-gui-hud.js[22m
[2m10:52:09 PM[22m [36m[1m[vite][22m[39m [90m[2m(client)[22m[39m [32mpage reload [39m[2msrc/modules/battle-gui-hud.js[22m
[2m10:52:15 PM[22m [36m[1m[vite][22m[39m [90m[2m(client)[22m[39m [32mpage reload [39m[2msrc/modules/battle-gui-hud.js[22m
[2m10:55:17 PM[22m [36m[1m[vite][22m[39m [90m[2m(client)[22m[39m [32mpage reload [39m[2msrc/modules/battle-gui-hud.js[22m
[2m10:55:24 PM[22m [36m[1m[vite][22m[39m [90m[2m(client)[22m[39m [32mpage reload [39m[2msrc/modules/battle-gui-hud.js[22m
[2m10:55:33 PM[22m [36m[1m[vite][22m[39m [90m[2m(client)[22m[39m [32mpage reload [39m[2msrc/modules/battle-gui-hud.js[22m
[2m10:55:42 PM[22m [36m[1m[vite][22m[39m [90m[2m(client)[22m[39m [32mpage reload [39m[2msrc/modules/battle-gui-hud.js[22m
[2m10:55:47 PM[22m [36m[1m[vite][22m[39m [90m[2m(client)[22m[39m [32mpage reload [39m[2msrc/modules/battle-gui-hud.js[22m
[2m10:55:55 PM[22m [36m[1m[vite][22m[39m [90m[2m(client)[22m[39m [32mpage reload [39m[2msrc/modules/battle-gui-hud.js[22m
[2m10:56:00 PM[22m [36m[1m[vite][22m[39m [90m[2m(client)[22m[39m [32mpage reload [39m[2msrc/modules/battle-gui-hud.js[22m
[2m10:57:58 PM[22m [36m[1m[vite][22m[39m [90m[2m(client)[22m[39m [32mpage reload [39m[2msrc/modules/battle-gui-hud.js[22m
[2m11:06:39 PM[22m [36m[1m[vite][22m[39m [90m[2m(client)[22m[39m [32mpage reload [39m[2msrc/modules/battle-gui-hud.js[22m
[2m11:06:44 PM[22m [36m[1m[vite][22m[39m [90m[2m(client)[22m[39m [32mpage reload [39m[2msrc/modules/battle-gui-hud.js[22m
[2m11:06:57 PM[22m [36m[1m[vite][22m[39m [90m[2m(client)[22m[39m [32mpage reload [39m[2msrc/modules/battle-gui-hud.js[22m
[2m11:07:04 PM[22m [36m[1m[vite][22m[39m [90m[2m(client)[22m[39m [32mpage reload [39m[2msrc/modules/battle-gui-hud.js[22m
[2m11:07:10 PM[22m [36m[1m[vite][22m[39m [90m[2m(client)[22m[39m [32m✨ new dependencies optimized: [33m@babylonjs/gui/2D/controls/grid[32m[39m
[2m11:07:10 PM[22m [36m[1m[vite][22m[39m [90m[2m(client)[22m[39m [32m✨ optimized dependencies changed. reloading[39m
[2m11:07:17 PM[22m [36m[1m[vite][22m[39m [90m[2m(client)[22m[39m [32mpage reload [39m[2msrc/modules/battle-gui-hud.js[22m
[2m11:10:39 PM[22m [36m[1m[vite][22m[39m [90m[2m(client)[22m[39m [32mpage reload [39m[2msrc/modules/realtime/colyseus-babylon-client.js[22m
[2m11:15:08 PM[22m [36m[1m[vite][22m[39m [90m[2m(client)[22m[39m [32mpage reload [39m[2msrc/modules/battle-gui-hud.js[22m
[2m11:15:19 PM[22m [36m[1m[vite][22m[39m [90m[2m(client)[22m[39m [32mpage reload [39m[2msrc/modules/battle-gui-hud.js[22m
[2m11:15:27 PM[22m [36m[1m[vite][22m[39m [90m[2m(client)[22m[39m [32mpage reload [39m[2msrc/modules/battle-gui-hud.js[22m
[2m11:15:36 PM[22m [36m[1m[vite][22m[39m [90m[2m(client)[22m[39m [32mpage reload [39m[2msrc/modules/battle-gui-hud.js[22m
[2m11:16:07 PM[22m [36m[1m[vite][22m[39m [90m[2m(client)[22m[39m [32mpage reload [39m[2msrc/modules/battle-gui-hud.js[22m
[2m11:16:23 PM[22m [36m[1m[vite][22m[39m [90m[2m(client)[22m[39m [32mpage reload [39m[2msrc/modules/battle-gui-hud.js[22m
[2m11:16:32 PM[22m [36m[1m[vite][22m[39m [90m[2m(client)[22m[39m [32mpage reload [39m[2msrc/modules/battle-gui-hud.js[22m
[2m11:16:44 PM[22m [36m[1m[vite][22m[39m [90m[2m(client)[22m[39m [32mpage reload [39m[2msrc/modules/battle-gui-hud.js[22m
[2m11:17:01 PM[22m [36m[1m[vite][22m[39m [90m[2m(client)[22m[39m [32mpage reload [39m[2msrc/modules/battle-gui-hud.js[22m
[2m11:24:26 PM[22m [36m[1m[vite][22m[39m [90m[2m(client)[22m[39m [32mpage reload [39m[2msrc/modules/battle-gui-hud.js[22m
[2m11:24:35 PM[22m [36m[1m[vite][22m[39m [90m[2m(client)[22m[39m [32mpage reload [39m[2msrc/modules/battle-gui-hud.js[22m
[2m11:24:46 PM[22m [36m[1m[vite][22m[39m [90m[2m(client)[22m[39m [32mpage reload [39m[2msrc/modules/battle-gui-hud.js[22m
[2m11:24:48 PM[22m [36m[1m[vite][22m[39m [90m[2m(client)[22m[39m [32mpage reload [39m[2msrc/modules/battle-gui-hud.js[22m
[2m11:39:21 PM[22m [36m[1m[vite][22m[39m [90m[2m(client)[22m[39m [32mpage reload [39m[2msrc/modules/battle-gui-hud.js[22m
[2m12:48:39 AM[22m [36m[1m[vite][22m[39m [90m[2m(client)[22m[39m [32mpage reload [39m[2msrc/modules/battle-gui-hud.js[22m
[2m1:31:30 AM[22m [36m[1m[vite][22m[39m [90m[2m(client)[22m[39m [32mpage reload [39m[2msrc/modules/battle-gui-hud.js[22m
[2m1:31:30 AM[22m [36m[1m[vite][22m[39m [90m[2m(client)[22m[39m [32mpage reload [39m[2msrc/modules/battle-gui-hud.js[22m
[2m1:35:52 AM[22m [36m[1m[vite][22m[39m [90m[2m(client)[22m[39m [32mpage reload [39m[2msrc/modules/battle-gui-hud.js[22m
[2m1:40:50 AM[22m [36m[1m[vite][22m[39m [90m[2m(client)[22m[39m [32mpage reload [39m[2msrc/modules/battle-gui-hud.js[22m
[2m1:50:08 AM[22m [36m[1m[vite][22m[39m [90m[2m(client)[22m[39m [32mpage reload [39m[2msrc/modules/battle-gui-hud.js[22m
[2m1:50:08 AM[22m [36m[1m[vite][22m[39m [90m[2m(client)[22m[39m [32mpage reload [39m[2msrc/modules/battle-gui-hud.js[22m
[2m1:54:42 AM[22m [36m[1m[vite][22m[39m [90m[2m(client)[22m[39m [32mpage reload [39m[2msrc/modules/battle-gui-hud.js[22m
[2m1:54:54 AM[22m [36m[1m[vite][22m[39m [90m[2m(client)[22m[39m [32mpage reload [39m[2msrc/modules/battle-gui-hud.js[22m
[2m1:57:18 AM[22m [36m[1m[vite][22m[39m [90m[2m(client)[22m[39m [32mpage reload [39m[2msrc/modules/battle-gui-hud.js[22m
[2m2:09:01 AM[22m [36m[1m[vite][22m[39m [90m[2m(client)[22m[39m [32mpage reload [39m[2msrc/modules/battle/weapon-models.js[22m
[2m2:09:20 AM[22m [36m[1m[vite][22m[39m [90m[2m(client)[22m[39m [32mpage reload [39m[2msrc/modules/battle/weapon-models.js[22m
[2m2:09:28 AM[22m [36m[1m[vite][22m[39m [90m[2m(client)[22m[39m [32mpage reload [39m[2msrc/modules/battle/weapon-models.js[22m
[2m2:10:59 AM[22m [36m[1m[vite][22m[39m [90m[2m(client)[22m[39m [32mpage reload [39m[2msrc/modules/battle/weapon-models.js[22m
[2m10:03:09 AM[22m [36m[1m[vite][22m[39m [90m[2m(client)[22m[39m [32mpage reload [39m[2msrc/modules/realtime/colyseus-babylon-client.js[22m
[2m10:06:48 AM[22m [36m[1m[vite][22m[39m [90m[2m(client)[22m[39m [32mpage reload [39m[2msrc/modules/realtime/colyseus-babylon-client.js[22m
[2m10:07:36 AM[22m [36m[1m[vite][22m[39m [90m[2m(client)[22m[39m [32mpage reload [39m[2msrc/modules/realtime/colyseus-babylon-client.js[22m
[2m10:08:11 AM[22m [36m[1m[vite][22m[39m [90m[2m(client)[22m[39m [32mpage reload [39m[2msrc/modules/realtime/colyseus-babylon-client.js[22m
[2m11:37:17 AM[22m [36m[1m[vite][22m[39m [90m[2m(client)[22m[39m [32mpage reload [39m[2msrc/modules/battle/battle-vfx.js[22m
[2m11:37:29 AM[22m [36m[1m[vite][22m[39m [90m[2m(client)[22m[39m [32mpage reload [39m[2msrc/modules/battle/battle-vfx.js[22m
[2m11:38:25 AM[22m [36m[1m[vite][22m[39m [90m[2m(client)[22m[39m [32mpage reload [39m[2msrc/modules/battle/battle-vfx.js[22m
[2m11:38:34 AM[22m [36m[1m[vite][22m[39m [90m[2m(client)[22m[39m [32mpage reload [39m[2msrc/modules/battle/battle-vfx.js[22m
[2m11:40:06 AM[22m [36m[1m[vite][22m[39m [90m[2m(client)[22m[39m [32mpage reload [39m[2msrc/modules/game-audio.js[22m
[2m11:40:34 AM[22m [36m[1m[vite][22m[39m [90m[2m(client)[22m[39m [32mpage reload [39m[2msrc/modules/game-audio.js[22m
[2m11:40:42 AM[22m [36m[1m[vite][22m[39m [90m[2m(client)[22m[39m [32mpage reload [39m[2msrc/modules/game-audio.js[22m
[2m11:40:47 AM[22m [36m[1m[vite][22m[39m [90m[2m(client)[22m[39m [32mpage reload [39m[2msrc/modules/game-audio.js[22m
[2m11:42:16 AM[22m [36m[1m[vite][22m[39m [90m[2m(client)[22m[39m [32mpage reload [39m[2msrc/modules/realtime/colyseus-babylon-client.js[22m
[2m11:42:31 AM[22m [36m[1m[vite][22m[39m [90m[2m(client)[22m[39m [32mpage reload [39m[2msrc/modules/realtime/colyseus-babylon-client.js[22m
[2m11:42:40 AM[22m [36m[1m[vite][22m[39m [90m[2m(client)[22m[39m [32mpage reload [39m[2msrc/modules/realtime/colyseus-babylon-client.js[22m
[2m11:42:40 AM[22m [36m[1m[vite][22m[39m [90m[2m(client)[22m[39m [32mpage reload [39m[2msrc/modules/battle/battle-vfx.js[22m
[2m11:42:40 AM[22m [36m[1m[vite][22m[39m [90m[2m(client)[22m[39m [32mpage reload [39m[2msrc/modules/game-audio.js[22m
[2m11:42:44 AM[22m [36m[1m[vite][22m[39m [90m[2m(client)[22m[39m [32mpage reload [39m[2msrc/modules/realtime/colyseus-babylon-client.js[22m
[2m11:43:03 AM[22m [36m[1m[vite][22m[39m [90m[2m(client)[22m[39m [32mpage reload [39m[2msrc/modules/realtime/colyseus-babylon-client.js[22m
[2m11:43:38 AM[22m [36m[1m[vite][22m[39m [90m[2m(client)[22m[39m [32mpage reload [39m[2msrc/modules/battle/weapon-models.js[22m
[2m11:43:42 AM[22m [36m[1m[vite][22m[39m [90m[2m(client)[22m[39m [32mpage reload [39m[2msrc/modules/battle/weapon-models.js[22m
[2m11:43:43 AM[22m [36m[1m[vite][22m[39m [90m[2m(client)[22m[39m [32mpage reload [39m[2msrc/modules/realtime/colyseus-babylon-client.js[22m
[2m11:43:45 AM[22m [36m[1m[vite][22m[39m [90m[2m(client)[22m[39m [32mpage reload [39m[2msrc/modules/battle/weapon-models.js[22m
[2m11:43:54 AM[22m [36m[1m[vite][22m[39m [90m[2m(client)[22m[39m [32mpage reload [39m[2msrc/modules/battle/weapon-models.js[22m
[2m11:44:03 AM[22m [36m[1m[vite][22m[39m [90m[2m(client)[22m[39m [32mpage reload [39m[2msrc/modules/battle/weapon-models.js[22m
[2m11:44:14 AM[22m [36m[1m[vite][22m[39m [90m[2m(client)[22m[39m [32mpage reload [39m[2msrc/modules/battle/weapon-models.js[22m
[2m11:44:27 AM[22m [36m[1m[vite][22m[39m [90m[2m(client)[22m[39m [32mpage reload [39m[2msrc/modules/battle/weapon-models.js[22m
[2m11:44:37 AM[22m [36m[1m[vite][22m[39m [90m[2m(client)[22m[39m [32mpage reload [39m[2msrc/modules/battle/weapon-models.js[22m
[2m11:44:48 AM[22m [36m[1m[vite][22m[39m [90m[2m(client)[22m[39m [32mpage reload [39m[2msrc/modules/battle/weapon-models.js[22m
[2m11:45:14 AM[22m [36m[1m[vite][22m[39m [90m[2m(client)[22m[39m [32mpage reload [39m[2msrc/modules/battle/weapon-models.js[22m
[2m12:22:21 PM[22m [36m[1m[vite][22m[39m [90m[2m(client)[22m[39m [32mpage reload [39m[2msrc/modules/battle-gui-hud.js[22m
[2m12:32:07 PM[22m [36m[1m[vite][22m[39m [90m[2m(client)[22m[39m [32mpage reload [39m[2msrc/modules/battle/battle-vfx.js[22m
[2m12:32:13 PM[22m [36m[1m[vite][22m[39m [90m[2m(client)[22m[39m [32mpage reload [39m[2msrc/modules/battle/battle-vfx.js[22m
[2m12:32:56 PM[22m [36m[1m[vite][22m[39m [90m[2m(client)[22m[39m [32mpage reload [39m[2msrc/modules/battle/battle-vfx.js[22m
[2m12:33:24 PM[22m [36m[1m[vite][22m[39m [90m[2m(client)[22m[39m [32mpage reload [39m[2msrc/modules/battle/battle-vfx.js[22m
[2m12:33:39 PM[22m [36m[1m[vite][22m[39m [90m[2m(client)[22m[39m [32mpage reload [39m[2msrc/modules/battle/battle-vfx.js[22m
[2m12:33:56 PM[22m [36m[1m[vite][22m[39m [90m[2m(client)[22m[39m [32mpage reload [39m[2msrc/modules/battle/battle-vfx.js[22m
[2m12:34:19 PM[22m [36m[1m[vite][22m[39m [90m[2m(client)[22m[39m [32mpage reload [39m[2msrc/modules/battle/battle-vfx.js[22m
[2m12:34:26 PM[22m [36m[1m[vite][22m[39m [90m[2m(client)[22m[39m [32mpage reload [39m[2msrc/modules/battle/battle-vfx.js[22m
[2m12:34:36 PM[22m [36m[1m[vite][22m[39m [90m[2m(client)[22m[39m [32mpage reload [39m[2msrc/modules/battle/battle-vfx.js[22m
[2m12:34:42 PM[22m [36m[1m[vite][22m[39m [90m[2m(client)[22m[39m [32mpage reload [39m[2msrc/modules/battle/battle-vfx.js[22m
[2m12:34:48 PM[22m [36m[1m[vite][22m[39m [90m[2m(client)[22m[39m [32mpage reload [39m[2msrc/modules/battle/battle-vfx.js[22m
[2m12:34:55 PM[22m [36m[1m[vite][22m[39m [90m[2m(client)[22m[39m [32mpage reload [39m[2msrc/modules/battle/battle-vfx.js[22m
[2m12:35:42 PM[22m [36m[1m[vite][22m[39m [90m[2m(client)[22m[39m [32mpage reload [39m[2msrc/modules/battle/battle-vfx.js[22m
[2m12:35:54 PM[22m [36m[1m[vite][22m[39m [90m[2m(client)[22m[39m [32mpage reload [39m[2msrc/modules/battle/battle-vfx.js[22m
[2m12:36:29 PM[22m [36m[1m[vite][22m[39m [90m[2m(client)[22m[39m [32mpage reload [39m[2msrc/modules/battle/battle-vfx.js[22m
[2m12:40:12 PM[22m [36m[1m[vite][22m[39m [90m[2m(client)[22m[39m [32mpage reload [39m[2msrc/modules/battle-gui-hud.js[22m
[2m12:40:12 PM[22m [36m[1m[vite][22m[39m [90m[2m(client)[22m[39m [32mpage reload [39m[2msrc/modules/battle/battle-vfx.js[22m
[2m12:40:43 PM[22m [36m[1m[vite][22m[39m [90m[2m(client)[22m[39m [32mpage reload [39m[2msrc/modules/battle/weapon-models.js[22m
[2m12:40:51 PM[22m [36m[1m[vite][22m[39m [90m[2m(client)[22m[39m [32mpage reload [39m[2msrc/modules/battle/weapon-models.js[22m
[2m12:41:07 PM[22m [36m[1m[vite][22m[39m [90m[2m(client)[22m[39m [32mpage reload [39m[2msrc/modules/battle/weapon-models.js[22m
[2m12:41:13 PM[22m [36m[1m[vite][22m[39m [90m[2m(client)[22m[39m [32mpage reload [39m[2msrc/modules/battle/weapon-models.js[22m
[2m12:41:24 PM[22m [36m[1m[vite][22m[39m [90m[2m(client)[22m[39m [32mpage reload [39m[2msrc/modules/battle/weapon-models.js[22m
[2m12:41:39 PM[22m [36m[1m[vite][22m[39m [90m[2m(client)[22m[39m [32mpage reload [39m[2msrc/modules/battle/weapon-models.js[22m
[2m12:41:56 PM[22m [36m[1m[vite][22m[39m [90m[2m(client)[22m[39m [32mpage reload [39m[2msrc/modules/battle/weapon-models.js[22m
[2m12:42:09 PM[22m [36m[1m[vite][22m[39m [90m[2m(client)[22m[39m [32mpage reload [39m[2msrc/modules/battle/weapon-models.js[22m
[2m12:43:54 PM[22m [36m[1m[vite][22m[39m [90m[2m(client)[22m[39m [32mpage reload [39m[2msrc/modules/game-audio.js[22m
[2m12:44:01 PM[22m [36m[1m[vite][22m[39m [90m[2m(client)[22m[39m [32mpage reload [39m[2msrc/modules/game-audio.js[22m
[2m12:44:40 PM[22m [36m[1m[vite][22m[39m [90m[2m(client)[22m[39m [32mpage reload [39m[2msrc/modules/realtime/colyseus-babylon-client.js[22m
[2m12:44:59 PM[22m [36m[1m[vite][22m[39m [90m[2m(client)[22m[39m [32mpage reload [39m[2msrc/modules/realtime/colyseus-babylon-client.js[22m
[2m1:33:24 PM[22m [36m[1m[vite][22m[39m [90m[2m(client)[22m[39m [32mpage reload [39m[2msrc/modules/battle/weapon-models.js[22m
[2m1:33:24 PM[22m [36m[1m[vite][22m[39m [90m[2m(client)[22m[39m [32mpage reload [39m[2msrc/modules/realtime/colyseus-babylon-client.js[22m
[2m1:33:24 PM[22m [36m[1m[vite][22m[39m [90m[2m(client)[22m[39m [32mpage reload [39m[2msrc/modules/game-audio.js[22m
[2m1:33:27 PM[22m [36m[1m[vite][22m[39m [90m[2m(client)[22m[39m [32mpage reload [39m[2msrc/modules/realtime/colyseus-babylon-client.js[22m
[2m1:33:33 PM[22m [36m[1m[vite][22m[39m [90m[2m(client)[22m[39m [32mpage reload [39m[2msrc/modules/realtime/colyseus-babylon-client.js[22m
[2m1:33:59 PM[22m [36m[1m[vite][22m[39m [90m[2m(client)[22m[39m [32mpage reload [39m[2msrc/modules/realtime/colyseus-babylon-client.js[22m
[2m1:34:05 PM[22m [36m[1m[vite][22m[39m [90m[2m(client)[22m[39m [32mpage reload [39m[2msrc/modules/realtime/colyseus-babylon-client.js[22m
[2m2:06:37 PM[22m [36m[1m[vite][22m[39m [90m[2m(client)[22m[39m [32mpage reload [39m[2msrc/modules/realtime/colyseus-babylon-client.js[22m
[2m2:09:48 PM[22m [36m[1m[vite][22m[39m [90m[2m(client)[22m[39m [32mpage reload [39m[2msrc/modules/battle/weapon-models.js[22m
[2m2:09:59 PM[22m [36m[1m[vite][22m[39m [90m[2m(client)[22m[39m [32mpage reload [39m[2msrc/modules/battle/weapon-models.js[22m
[2m2:10:04 PM[22m [36m[1m[vite][22m[39m [90m[2m(client)[22m[39m [32mpage reload [39m[2msrc/modules/battle/weapon-models.js[22m
[2m2:10:18 PM[22m [36m[1m[vite][22m[39m [90m[2m(client)[22m[39m [32mpage reload [39m[2msrc/modules/battle/weapon-models.js[22m
[2m2:10:30 PM[22m [36m[1m[vite][22m[39m [90m[2m(client)[22m[39m [32mpage reload [39m[2msrc/modules/battle/weapon-models.js[22m
[2m2:10:38 PM[22m [36m[1m[vite][22m[39m [90m[2m(client)[22m[39m [32mpage reload [39m[2msrc/modules/battle/weapon-models.js[22m
[2m2:10:44 PM[22m [36m[1m[vite][22m[39m [90m[2m(client)[22m[39m [32mpage reload [39m[2msrc/modules/battle/weapon-models.js[22m
[2m2:11:33 PM[22m [36m[1m[vite][22m[39m [90m[2m(client)[22m[39m [32mpage reload [39m[2msrc/modules/battle/weapon-models.js[22m
[2m2:13:58 PM[22m [36m[1m[vite][22m[39m [90m[2m(client)[22m[39m [32mpage reload [39m[2msrc/modules/battle/weapon-models.js[22m
[2m2:14:23 PM[22m [36m[1m[vite][22m[39m [90m[2m(client)[22m[39m [32mpage reload [39m[2msrc/modules/battle/weapon-models.js[22m
[2m2:14:44 PM[22m [36m[1m[vite][22m[39m [90m[2m(client)[22m[39m [32mpage reload [39m[2msrc/modules/battle/weapon-models.js[22m
[2m2:14:52 PM[22m [36m[1m[vite][22m[39m [90m[2m(client)[22m[39m [32mpage reload [39m[2msrc/modules/battle/weapon-models.js[22m
[2m2:15:46 PM[22m [36m[1m[vite][22m[39m [90m[2m(client)[22m[39m [32mpage reload [39m[2msrc/modules/battle/weapon-models.js[22m
[2m2:32:53 PM[22m [36m[1m[vite][22m[39m [90m[2m(client)[22m[39m [32mpage reload [39m[2msrc/modules/battle/weapon-models.js[22m
[2m2:33:12 PM[22m [36m[1m[vite][22m[39m [90m[2m(client)[22m[39m [32mpage reload [39m[2msrc/modules/battle/weapon-models.js[22m
[2m2:33:27 PM[22m [36m[1m[vite][22m[39m [90m[2m(client)[22m[39m [32mpage reload [39m[2msrc/modules/battle/weapon-models.js[22m
[2m2:35:48 PM[22m [36m[1m[vite][22m[39m [90m[2m(client)[22m[39m [32mpage reload [39m[2msrc/modules/battle/weapon-models.js[22m
[2m2:36:27 PM[22m [36m[1m[vite][22m[39m [90m[2m(client)[22m[39m [32mpage reload [39m[2msrc/modules/battle/weapon-models.js[22m
[2m2:40:20 PM[22m [36m[1m[vite][22m[39m [90m[2m(client)[22m[39m [32mpage reload [39m[2msrc/modules/battle/weapon-models.js[22m
[2m2:59:36 PM[22m [36m[1m[vite][22m[39m [90m[2m(client)[22m[39m [32mpage reload [39m[2msrc/modules/battle/battle-vfx.js[22m
[2m2:59:49 PM[22m [36m[1m[vite][22m[39m [90m[2m(client)[22m[39m [32mpage reload [39m[2msrc/modules/battle/battle-vfx.js[22m
[2m3:03:42 PM[22m [36m[1m[vite][22m[39m [90m[2m(client)[22m[39m [32mpage reload [39m[2msrc/modules/battle/weapon-models.js[22m
[2m3:03:56 PM[22m [36m[1m[vite][22m[39m [90m[2m(client)[22m[39m [32mpage reload [39m[2msrc/modules/battle/weapon-models.js[22m
[2m3:04:05 PM[22m [36m[1m[vite][22m[39m [90m[2m(client)[22m[39m [32mpage reload [39m[2msrc/modules/battle/weapon-models.js[22m
[2m3:04:17 PM[22m [36m[1m[vite][22m[39m [90m[2m(client)[22m[39m [32mpage reload [39m[2msrc/modules/battle/weapon-models.js[22m
[2m3:04:28 PM[22m [36m[1m[vite][22m[39m [90m[2m(client)[22m[39m [32mpage reload [39m[2msrc/modules/battle/weapon-models.js[22m
[2m3:04:33 PM[22m [36m[1m[vite][22m[39m [90m[2m(client)[22m[39m [32mpage reload [39m[2msrc/modules/battle/weapon-models.js[22m
[2m3:04:44 PM[22m [36m[1m[vite][22m[39m [90m[2m(client)[22m[39m [32mpage reload [39m[2msrc/modules/battle/weapon-models.js[22m
[2m3:04:48 PM[22m [36m[1m[vite][22m[39m [90m[2m(client)[22m[39m [32mpage reload [39m[2msrc/modules/battle/weapon-models.js[22m
[2m3:05:08 PM[22m [36m[1m[vite][22m[39m [90m[2m(client)[22m[39m [32mpage reload [39m[2msrc/modules/battle/weapon-models.js[22m
[2m3:05:33 PM[22m [36m[1m[vite][22m[39m [90m[2m(client)[22m[39m [32mpage reload [39m[2msrc/modules/battle/weapon-models.js[22m
[2m3:15:34 PM[22m [36m[1m[vite][22m[39m [90m[2m(client)[22m[39m [32mpage reload [39m[2msrc/modules/battle/battle-vfx.js[22m
[2m3:15:34 PM[22m [36m[1m[vite][22m[39m [90m[2m(client)[22m[39m [32mpage reload [39m[2msrc/modules/battle/weapon-models.js[22m
[2m4:21:57 PM[22m [36m[1m[vite][22m[39m [90m[2m(client)[22m[39m [32mpage reload [39m[2msrc/modules/battle/weapon-models.js[22m
[2m4:21:57 PM[22m [36m[1m[vite][22m[39m [90m[2m(client)[22m[39m [32mpage reload [39m[2msrc/modules/battle/battle-vfx.js[22m
[2m4:37:42 PM[22m [36m[1m[vite][22m[39m [90m[2m(client)[22m[39m [32mpage reload [39m[2msrc/modules/battle/weapon-models.js[22m
[2m4:39:54 PM[22m [36m[1m[vite][22m[39m [90m[2m(client)[22m[39m [32mpage reload [39m[2msrc/modules/battle/weapon-models.js[22m
[2m4:39:59 PM[22m [36m[1m[vite][22m[39m [90m[2m(client)[22m[39m [32mpage reload [39m[2msrc/modules/battle/weapon-models.js[22m
[2m4:40:10 PM[22m [36m[1m[vite][22m[39m [90m[2m(client)[22m[39m [32mpage reload [39m[2msrc/modules/battle/battle-vfx.js[22m
[2m4:41:03 PM[22m [36m[1m[vite][22m[39m [90m[2m(client)[22m[39m [32mpage reload [39m[2msrc/modules/battle/battle-vfx.js[22m
[2m4:49:42 PM[22m [36m[1m[vite][22m[39m [90m[2m(client)[22m[39m [32mpage reload [39m[2msrc/modules/battle/battle-vfx.js[22m
[2m5:41:08 PM[22m [36m[1m[vite][22m[39m [90m[2m(client)[22m[39m [32mpage reload [39m[2msrc/modules/battle/weapon-models.js[22m
[2m5:41:08 PM[22m [36m[1m[vite][22m[39m [90m[2m(client)[22m[39m [32mpage reload [39m[2msrc/modules/battle/battle-vfx.js[22m
[2m5:53:47 PM[22m [36m[1m[vite][22m[39m [90m[2m(client)[22m[39m [32mpage reload [39m[2msrc/modules/battle/battle-vfx.js[22m
[2m5:55:22 PM[22m [36m[1m[vite][22m[39m [90m[2m(client)[22m[39m [32mpage reload [39m[2msrc/modules/battle/battle-vfx.js[22m
[2m6:08:57 PM[22m [36m[1m[vite][22m[39m [90m[2m(client)[22m[39m [32mpage reload [39m[2msrc/modules/battle/battle-vfx.js[22m
[2m6:11:10 PM[22m [36m[1m[vite][22m[39m [90m[2m(client)[22m[39m [32mpage reload [39m[2msrc/modules/battle/battle-vfx.js[22m
[2m6:13:34 PM[22m [36m[1m[vite][22m[39m [90m[2m(client)[22m[39m [32mpage reload [39m[2msrc/modules/realtime/colyseus-babylon-client.js[22m
[2m6:14:04 PM[22m [36m[1m[vite][22m[39m [90m[2m(client)[22m[39m [32mpage reload [39m[2msrc/modules/realtime/colyseus-babylon-client.js[22m
[2m6:14:29 PM[22m [36m[1m[vite][22m[39m [90m[2m(client)[22m[39m [32mpage reload [39m[2msrc/modules/realtime/colyseus-babylon-client.js[22m
[2m6:27:16 PM[22m [36m[1m[vite][22m[39m [90m[2m(client)[22m[39m [32mpage reload [39m[2msrc/modules/realtime/colyseus-babylon-client.js[22m
[2m6:29:10 PM[22m [36m[1m[vite][22m[39m [90m[2m(client)[22m[39m [32mpage reload [39m[2msrc/modules/realtime/colyseus-babylon-client.js[22m
[2m6:29:30 PM[22m [36m[1m[vite][22m[39m [90m[2m(client)[22m[39m [32mpage reload [39m[2msrc/modules/realtime/colyseus-babylon-client.js[22m
[2m6:29:35 PM[22m [36m[1m[vite][22m[39m [90m[2m(client)[22m[39m [32mpage reload [39m[2msrc/modules/realtime/colyseus-babylon-client.js[22m
[2m6:29:40 PM[22m [36m[1m[vite][22m[39m [90m[2m(client)[22m[39m [32mpage reload [39m[2msrc/modules/realtime/colyseus-babylon-client.js[22m
[2m6:30:16 PM[22m [36m[1m[vite][22m[39m [90m[2m(client)[22m[39m [32mpage reload [39m[2msrc/modules/realtime/colyseus-babylon-client.js[22m
[2m6:31:28 PM[22m [36m[1m[vite][22m[39m [90m[2m(client)[22m[39m [32mpage reload [39m[2msrc/modules/realtime/colyseus-babylon-client.js[22m
[2m6:31:39 PM[22m [36m[1m[vite][22m[39m [90m[2m(client)[22m[39m [32mpage reload [39m[2msrc/modules/realtime/colyseus-babylon-client.js[22m
[2m6:31:46 PM[22m [36m[1m[vite][22m[39m [90m[2m(client)[22m[39m [32mpage reload [39m[2msrc/modules/realtime/colyseus-babylon-client.js[22m
[2m6:31:58 PM[22m [36m[1m[vite][22m[39m [90m[2m(client)[22m[39m [32mpage reload [39m[2msrc/modules/realtime/colyseus-babylon-client.js[22m
[2m6:45:02 PM[22m [36m[1m[vite][22m[39m [90m[2m(client)[22m[39m [32mpage reload [39m[2msrc/modules/realtime/colyseus-babylon-client.js[22m
[2m6:46:55 PM[22m [36m[1m[vite][22m[39m [90m[2m(client)[22m[39m [32mpage reload [39m[2mrealtime.html[22m
[2m6:49:04 PM[22m [36m[1m[vite][22m[39m [90m[2m(client)[22m[39m [32m✨ new dependencies optimized: [33m@babylonjs/core/Lights/Clustered/clusteredLightContainer, @babylonjs/core/Materials/fresnelParameters[32m[39m
[2m6:49:04 PM[22m [36m[1m[vite][22m[39m [90m[2m(client)[22m[39m [32m✨ optimized dependencies changed. reloading[39m
[2m6:53:07 PM[22m [36m[1m[vite][22m[39m [90m[2m(client)[22m[39m [32mpage reload [39m[2msrc/modules/battle/battle-vfx.js[22m
[2m6:54:35 PM[22m [36m[1m[vite][22m[39m [90m[2m(client)[22m[39m [32mpage reload [39m[2msrc/modules/battle/battle-vfx.js[22m
[2m6:55:58 PM[22m [36m[1m[vite][22m[39m [90m[2m(client)[22m[39m [32mpage reload [39m[2msrc/modules/battle/battle-vfx.js[22m
[2m7:01:01 PM[22m [36m[1m[vite][22m[39m [90m[2m(client)[22m[39m [32mpage reload [39m[2mtests/reports/html/index.html[22m
[2m7:01:01 PM[22m [36m[1m[vite][22m[39m [90m[2m(client)[22m[39m [32mpage reload [39m[2mtests/reports/html/index.html[22m
[2m7:01:01 PM[22m [36m[1m[vite][22m[39m [90m[2m(client)[22m[39m [32mpage reload [39m[2mtests/reports/html/index.html[22m
[2m7:01:01 PM[22m [36m[1m[vite][22m[39m [90m[2m(client)[22m[39m [32mpage reload [39m[2mtests/reports/html/trace/index.html[22m
[2m7:01:01 PM[22m [36m[1m[vite][22m[39m [90m[2m(client)[22m[39m [32mpage reload [39m[2mtests/reports/html/trace/snapshot.html[22m
[2m7:01:01 PM[22m [36m[1m[vite][22m[39m [90m[2m(client)[22m[39m [32mpage reload [39m[2mtests/reports/html/trace/uiMode.html[22m
[2m7:01:30 PM[22m [36m[1m[vite][22m[39m [90m[2m(client)[22m[39m [32mpage reload [39m[2mrealtime.html[22m
[2m7:04:09 PM[22m [36m[1m[vite][22m[39m [90m[2m(client)[22m[39m [32mpage reload [39m[2mtests/reports/html/index.html[22m
[2m7:04:09 PM[22m [36m[1m[vite][22m[39m [90m[2m(client)[22m[39m [32mpage reload [39m[2mtests/reports/html/trace/index.html[22m
[2m7:04:09 PM[22m [36m[1m[vite][22m[39m [90m[2m(client)[22m[39m [32mpage reload [39m[2mtests/reports/html/trace/snapshot.html[22m
[2m7:04:09 PM[22m [36m[1m[vite][22m[39m [90m[2m(client)[22m[39m [32mpage reload [39m[2mtests/reports/html/trace/uiMode.html[22m
[2m7:04:09 PM[22m [36m[1m[vite][22m[39m [90m[2m(client)[22m[39m [32mpage reload [39m[2mtests/reports/html/index.html[22m
[2m7:04:09 PM[22m [36m[1m[vite][22m[39m [90m[2m(client)[22m[39m [32mpage reload [39m[2mtests/reports/html/index.html[22m
[2m7:04:09 PM[22m [36m[1m[vite][22m[39m [90m[2m(client)[22m[39m [32mpage reload [39m[2mtests/reports/html/trace/index.html[22m
[2m7:04:09 PM[22m [36m[1m[vite][22m[39m [90m[2m(client)[22m[39m [32mpage reload [39m[2mtests/reports/html/trace/snapshot.html[22m
[2m7:04:09 PM[22m [36m[1m[vite][22m[39m [90m[2m(client)[22m[39m [32mpage reload [39m[2mtests/reports/html/trace/uiMode.html[22m
[2m7:05:44 PM[22m [36m[1m[vite][22m[39m [90m[2m(client)[22m[39m [32mpage reload [39m[2mtests/reports/html/index.html[22m
[2m7:05:44 PM[22m [36m[1m[vite][22m[39m [90m[2m(client)[22m[39m [32mpage reload [39m[2mtests/reports/html/trace/index.html[22m
[2m7:05:44 PM[22m [36m[1m[vite][22m[39m [90m[2m(client)[22m[39m [32mpage reload [39m[2mtests/reports/html/trace/snapshot.html[22m
[2m7:05:44 PM[22m [36m[1m[vite][22m[39m [90m[2m(client)[22m[39m [32mpage reload [39m[2mtests/reports/html/trace/uiMode.html[22m
[2m7:05:44 PM[22m [36m[1m[vite][22m[39m [90m[2m(client)[22m[39m [32mpage reload [39m[2mtests/reports/html/trace/index.html[22m
[2m7:05:44 PM[22m [36m[1m[vite][22m[39m [90m[2m(client)[22m[39m [32mpage reload [39m[2mtests/reports/html/trace/snapshot.html[22m
[2m7:05:44 PM[22m [36m[1m[vite][22m[39m [90m[2m(client)[22m[39m [32mpage reload [39m[2mtests/reports/html/index.html[22m
[2m7:05:44 PM[22m [36m[1m[vite][22m[39m [90m[2m(client)[22m[39m [32mpage reload [39m[2mtests/reports/html/trace/uiMode.html[22m
[2m7:06:48 PM[22m [36m[1m[vite][22m[39m [90m[2m(client)[22m[39m [32mpage reload [39m[2mtests/reports/html/index.html[22m
[2m7:06:48 PM[22m [36m[1m[vite][22m[39m [90m[2m(client)[22m[39m [32mpage reload [39m[2mtests/reports/html/trace/index.html[22m
[2m7:06:48 PM[22m [36m[1m[vite][22m[39m [90m[2m(client)[22m[39m [32mpage reload [39m[2mtests/reports/html/trace/snapshot.html[22m
[2m7:06:48 PM[22m [36m[1m[vite][22m[39m [90m[2m(client)[22m[39m [32mpage reload [39m[2mtests/reports/html/trace/uiMode.html[22m
[2m7:55:54 PM[22m [36m[1m[vite][22m[39m [90m[2m(client)[22m[39m [32mpage reload [39m[2mrealtime.html[22m
[2m7:55:54 PM[22m [36m[1m[vite][22m[39m [90m[2m(client)[22m[39m [32mpage reload [39m[2msrc/modules/battle/battle-vfx.js[22m
[2m8:15:51 PM[22m [36m[1m[vite][22m[39m [90m[2m(client)[22m[39m [32mpage reload [39m[2msrc/modules/battle/battle-vfx.js[22m
[2m8:17:36 PM[22m [36m[1m[vite][22m[39m [90m[2m(client)[22m[39m [32mpage reload [39m[2msrc/modules/battle/battle-vfx.js[22m
[2m8:23:15 PM[22m [36m[1m[vite][22m[39m [90m[2m(client)[22m[39m [32mpage reload [39m[2msrc/modules/battle/battle-vfx.js[22m
[2m8:23:15 PM[22m [36m[1m[vite][22m[39m [90m[2m(client)[22m[39m [32mpage reload [39m[2msrc/modules/battle/weapon-fx-enhance.js[22m
[2m8:26:53 PM[22m [36m[1m[vite][22m[39m [90m[2m(client)[22m[39m [32mpage reload [39m[2msrc/modules/battle/battle-vfx.js[22m
[2m8:42:48 PM[22m [36m[1m[vite][22m[39m [90m[2m(client)[22m[39m [32mpage reload [39m[2msrc/modules/realtime/colyseus-babylon-client.js[22m
[2m8:42:54 PM[22m [36m[1m[vite][22m[39m [90m[2m(client)[22m[39m [32mpage reload [39m[2msrc/modules/realtime/colyseus-babylon-client.js[22m
[2m8:42:57 PM[22m [36m[1m[vite][22m[39m [90m[2m(client)[22m[39m [32mpage reload [39m[2msrc/modules/realtime/colyseus-babylon-client.js[22m
[2m8:43:03 PM[22m [36m[1m[vite][22m[39m [90m[2m(client)[22m[39m [32mpage reload [39m[2msrc/modules/realtime/colyseus-babylon-client.js[22m
[2m8:43:25 PM[22m [36m[1m[vite][22m[39m [90m[2m(client)[22m[39m [32mpage reload [39m[2msrc/modules/realtime/colyseus-babylon-client.js[22m
[2m8:43:29 PM[22m [36m[1m[vite][22m[39m [90m[2m(client)[22m[39m [32mpage reload [39m[2msrc/modules/realtime/colyseus-babylon-client.js[22m
[2m8:43:34 PM[22m [36m[1m[vite][22m[39m [90m[2m(client)[22m[39m [32mpage reload [39m[2msrc/modules/battle-hud.js[22m
[2m8:44:05 PM[22m [36m[1m[vite][22m[39m [90m[2m(client)[22m[39m [32mpage reload [39m[2msrc/modules/game-audio.js[22m
[2m8:44:05 PM[22m [36m[1m[vite][22m[39m [90m[2m(client)[22m[39m [32mpage reload [39m[2msrc/modules/battle/battle-vfx.js[22m
[2m9:02:00 PM[22m [36m[1m[vite][22m[39m [90m[2m(client)[22m[39m [32mpage reload [39m[2mtests/reports/html/index.html[22m
[2m9:02:00 PM[22m [36m[1m[vite][22m[39m [90m[2m(client)[22m[39m [32mpage reload [39m[2mtests/reports/html/index.html[22m
[2m9:02:00 PM[22m [36m[1m[vite][22m[39m [90m[2m(client)[22m[39m [32mpage reload [39m[2mtests/reports/html/trace/index.html[22m
[2m9:02:00 PM[22m [36m[1m[vite][22m[39m [90m[2m(client)[22m[39m [32mpage reload [39m[2mtests/reports/html/trace/snapshot.html[22m
[2m9:02:00 PM[22m [36m[1m[vite][22m[39m [90m[2m(client)[22m[39m [32mpage reload [39m[2mtests/reports/html/trace/uiMode.html[22m
[2m9:02:00 PM[22m [36m[1m[vite][22m[39m [90m[2m(client)[22m[39m [32mpage reload [39m[2mtests/reports/html/index.html[22m
[2m9:06:22 PM[22m [36m[1m[vite][22m[39m [90m[2m(client)[22m[39m [32mpage reload [39m[2msrc/modules/realtime/colyseus-babylon-client.js[22m
[2m9:06:31 PM[22m [36m[1m[vite][22m[39m [90m[2m(client)[22m[39m [32mpage reload [39m[2msrc/modules/battle/battle-vfx.js[22m
[2m9:07:52 PM[22m [36m[1m[vite][22m[39m [90m[2m(client)[22m[39m [32mpage reload [39m[2msrc/modules/battle/battle-vfx.js[22m
[2m9:10:17 PM[22m [36m[1m[vite][22m[39m [90m[2m(client)[22m[39m [32mpage reload [39m[2msrc/modules/realtime/colyseus-babylon-client.js[22m
[2m9:10:24 PM[22m [36m[1m[vite][22m[39m [90m[2m(client)[22m[39m [32mpage reload [39m[2msrc/modules/realtime/colyseus-babylon-client.js[22m
[2m9:10:35 PM[22m [36m[1m[vite][22m[39m [90m[2m(client)[22m[39m [32mpage reload [39m[2msrc/modules/battle/weapon-models.js[22m
[2m9:10:47 PM[22m [36m[1m[vite][22m[39m [90m[2m(client)[22m[39m [32mpage reload [39m[2msrc/modules/realtime/colyseus-babylon-client.js[22m
[2m9:12:24 PM[22m [36m[1m[vite][22m[39m [90m[2m(client)[22m[39m [32mpage reload [39m[2msrc/modules/realtime/colyseus-babylon-client.js[22m
[2m9:18:07 PM[22m [36m[1m[vite][22m[39m [90m[2m(client)[22m[39m [32mpage reload [39m[2msrc/modules/battle/weapon-fx-enhance.js[22m
[2m9:18:47 PM[22m [36m[1m[vite][22m[39m [90m[2m(client)[22m[39m [32mpage reload [39m[2msrc/modules/battle/battle-vfx.js[22m
[2m9:20:46 PM[22m [36m[1m[vite][22m[39m [90m[2m(client)[22m[39m [32mpage reload [39m[2msrc/modules/battle/weapon-fx-enhance.js[22m
[2m9:20:46 PM[22m [36m[1m[vite][22m[39m [90m[2m(client)[22m[39m [32mpage reload [39m[2msrc/modules/battle/battle-vfx.js[22m
[2m9:23:48 PM[22m [36m[1m[vite][22m[39m [90m[2m(client)[22m[39m [32mpage reload [39m[2msrc/modules/realtime/colyseus-babylon-client.js[22m
[2m9:24:13 PM[22m [36m[1m[vite][22m[39m [90m[2m(client)[22m[39m [32mpage reload [39m[2msrc/modules/realtime/colyseus-babylon-client.js[22m
[2m9:24:22 PM[22m [36m[1m[vite][22m[39m [90m[2m(client)[22m[39m [32mpage reload [39m[2msrc/modules/realtime/colyseus-babylon-client.js[22m
[2m9:24:29 PM[22m [36m[1m[vite][22m[39m [90m[2m(client)[22m[39m [32mpage reload [39m[2msrc/modules/realtime/colyseus-babylon-client.js[22m
[2m9:29:34 PM[22m [36m[1m[vite][22m[39m [90m[2m(client)[22m[39m [32mpage reload [39m[2msrc/modules/battle/battle-vfx.js[22m
[2m9:29:59 PM[22m [36m[1m[vite][22m[39m [90m[2m(client)[22m[39m [32mpage reload [39m[2msrc/modules/battle/battle-vfx.js[22m
[2m9:38:07 PM[22m [36m[1m[vite][22m[39m [90m[2m(client)[22m[39m [32mpage reload [39m[2msrc/modules/perf-tier.js[22m
[2m9:38:11 PM[22m [36m[1m[vite][22m[39m [90m[2m(client)[22m[39m [32mpage reload [39m[2msrc/modules/battle/weapon-fx-enhance.js[22m
[2m9:38:25 PM[22m [36m[1m[vite][22m[39m [90m[2m(client)[22m[39m [32mpage reload [39m[2msrc/modules/battle/weapon-fx-enhance.js[22m
[2m9:38:30 PM[22m [36m[1m[vite][22m[39m [90m[2m(client)[22m[39m [32mpage reload [39m[2msrc/modules/realtime/colyseus-babylon-client.js[22m
[2m9:38:38 PM[22m [36m[1m[vite][22m[39m [90m[2m(client)[22m[39m [32mpage reload [39m[2msrc/modules/realtime/colyseus-babylon-client.js[22m
[2m9:38:42 PM[22m [36m[1m[vite][22m[39m [90m[2m(client)[22m[39m [32mpage reload [39m[2msrc/modules/realtime/colyseus-babylon-client.js[22m
[2m9:42:35 PM[22m [36m[1m[vite][22m[39m [90m[2m(client)[22m[39m [32mpage reload [39m[2mtests/reports/html/index.html[22m
[2m9:42:35 PM[22m [36m[1m[vite][22m[39m [90m[2m(client)[22m[39m [32mpage reload [39m[2mtests/reports/html/trace/index.html[22m
[2m9:42:35 PM[22m [36m[1m[vite][22m[39m [90m[2m(client)[22m[39m [32mpage reload [39m[2mtests/reports/html/trace/snapshot.html[22m
[2m9:42:35 PM[22m [36m[1m[vite][22m[39m [90m[2m(client)[22m[39m [32mpage reload [39m[2mtests/reports/html/trace/uiMode.html[22m
[2m9:42:35 PM[22m [36m[1m[vite][22m[39m [90m[2m(client)[22m[39m [32mpage reload [39m[2mtests/reports/html/index.html[22m
[2m9:42:35 PM[22m [36m[1m[vite][22m[39m [90m[2m(client)[22m[39m [32mpage reload [39m[2mtests/reports/html/trace/index.html[22m
[2m9:42:35 PM[22m [36m[1m[vite][22m[39m [90m[2m(client)[22m[39m [32mpage reload [39m[2mtests/reports/html/trace/snapshot.html[22m
[2m9:42:35 PM[22m [36m[1m[vite][22m[39m [90m[2m(client)[22m[39m [32mpage reload [39m[2mtests/reports/html/trace/uiMode.html[22m
[2m9:42:35 PM[22m [36m[1m[vite][22m[39m [90m[2m(client)[22m[39m [32mpage reload [39m[2mtests/reports/html/index.html[22m
[2m9:45:18 PM[22m [36m[1m[vite][22m[39m [90m[2m(client)[22m[39m [32mpage reload [39m[2mtests/reports/html/index.html[22m
[2m9:45:18 PM[22m [36m[1m[vite][22m[39m [90m[2m(client)[22m[39m [32mpage reload [39m[2mtests/reports/html/trace/index.html[22m
[2m9:45:18 PM[22m [36m[1m[vite][22m[39m [90m[2m(client)[22m[39m [32mpage reload [39m[2mtests/reports/html/trace/snapshot.html[22m
[2m9:45:18 PM[22m [36m[1m[vite][22m[39m [90m[2m(client)[22m[39m [32mpage reload [39m[2mtests/reports/html/trace/uiMode.html[22m
[2m9:45:18 PM[22m [36m[1m[vite][22m[39m [90m[2m(client)[22m[39m [32mpage reload [39m[2mtests/reports/html/trace/index.html[22m
[2m9:45:18 PM[22m [36m[1m[vite][22m[39m [90m[2m(client)[22m[39m [32mpage reload [39m[2mtests/reports/html/trace/snapshot.html[22m
[2m9:45:18 PM[22m [36m[1m[vite][22m[39m [90m[2m(client)[22m[39m [32mpage reload [39m[2mtests/reports/html/trace/uiMode.html[22m
[2m9:45:40 PM[22m [36m[1m[vite][22m[39m [90m[2m(client)[22m[39m [32mpage reload [39m[2msrc/modules/battle/battle-vfx.js[22m
[2m9:46:50 PM[22m [36m[1m[vite][22m[39m [90m[2m(client)[22m[39m [32mpage reload [39m[2mtests/reports/html/index.html[22m
[2m9:46:50 PM[22m [36m[1m[vite][22m[39m [90m[2m(client)[22m[39m [32mpage reload [39m[2mtests/reports/html/trace/index.html[22m
[2m9:46:50 PM[22m [36m[1m[vite][22m[39m [90m[2m(client)[22m[39m [32mpage reload [39m[2mtests/reports/html/trace/snapshot.html[22m
[2m9:46:50 PM[22m [36m[1m[vite][22m[39m [90m[2m(client)[22m[39m [32mpage reload [39m[2mtests/reports/html/trace/uiMode.html[22m
[2m9:46:50 PM[22m [36m[1m[vite][22m[39m [90m[2m(client)[22m[39m [32mpage reload [39m[2mtests/reports/html/trace/index.html[22m
[2m9:46:50 PM[22m [36m[1m[vite][22m[39m [90m[2m(client)[22m[39m [32mpage reload [39m[2mtests/reports/html/trace/snapshot.html[22m
[2m9:46:50 PM[22m [36m[1m[vite][22m[39m [90m[2m(client)[22m[39m [32mpage reload [39m[2mtests/reports/html/trace/uiMode.html[22m
[2m9:46:50 PM[22m [36m[1m[vite][22m[39m [90m[2m(client)[22m[39m [32mpage reload [39m[2mtests/reports/html/index.html[22m
[2m9:47:24 PM[22m [36m[1m[vite][22m[39m [90m[2m(client)[22m[39m [32mpage reload [39m[2msrc/modules/realtime/colyseus-babylon-client.js[22m
[2m9:48:48 PM[22m [36m[1m[vite][22m[39m [90m[2m(client)[22m[39m [32mpage reload [39m[2mtests/reports/html/index.html[22m
[2m9:48:48 PM[22m [36m[1m[vite][22m[39m [90m[2m(client)[22m[39m [32mpage reload [39m[2mtests/reports/html/trace/index.html[22m
[2m9:48:48 PM[22m [36m[1m[vite][22m[39m [90m[2m(client)[22m[39m [32mpage reload [39m[2mtests/reports/html/trace/snapshot.html[22m
[2m9:48:48 PM[22m [36m[1m[vite][22m[39m [90m[2m(client)[22m[39m [32mpage reload [39m[2mtests/reports/html/trace/uiMode.html[22m
[2m9:48:48 PM[22m [36m[1m[vite][22m[39m [90m[2m(client)[22m[39m [32mpage reload [39m[2mtests/reports/html/trace/index.html[22m
[2m9:48:48 PM[22m [36m[1m[vite][22m[39m [90m[2m(client)[22m[39m [32mpage reload [39m[2mtests/reports/html/index.html[22m
[2m9:48:48 PM[22m [36m[1m[vite][22m[39m [90m[2m(client)[22m[39m [32mpage reload [39m[2mtests/reports/html/trace/snapshot.html[22m
[2m9:48:48 PM[22m [36m[1m[vite][22m[39m [90m[2m(client)[22m[39m [32mpage reload [39m[2mtests/reports/html/trace/uiMode.html[22m
[2m9:49:52 PM[22m [36m[1m[vite][22m[39m [90m[2m(client)[22m[39m [32mpage reload [39m[2msrc/modules/babylon-particles.js[22m
[2m9:51:53 PM[22m [36m[1m[vite][22m[39m [90m[2m(client)[22m[39m [32mpage reload [39m[2msrc/modules/battle/weapon-models.js[22m
[2m9:53:16 PM[22m [36m[1m[vite][22m[39m [90m[2m(client)[22m[39m [32mpage reload [39m[2mtests/reports/html/index.html[22m
[2m9:53:16 PM[22m [36m[1m[vite][22m[39m [90m[2m(client)[22m[39m [32mpage reload [39m[2mtests/reports/html/trace/snapshot.html[22m
[2m9:53:16 PM[22m [36m[1m[vite][22m[39m [90m[2m(client)[22m[39m [32mpage reload [39m[2mtests/reports/html/trace/uiMode.html[22m
[2m9:53:16 PM[22m [36m[1m[vite][22m[39m [90m[2m(client)[22m[39m [32mpage reload [39m[2mtests/reports/html/trace/index.html[22m
[2m9:54:36 PM[22m [36m[1m[vite][22m[39m [90m[2m(client)[22m[39m [32mpage reload [39m[2mtests/reports/html/index.html[22m
[2m9:57:42 PM[22m [36m[1m[vite][22m[39m [90m[2m(client)[22m[39m [32mpage reload [39m[2msrc/modules/realtime/glo-underglow.js[22m
[2m9:58:17 PM[22m [36m[1m[vite][22m[39m [90m[2m(client)[22m[39m [32mpage reload [39m[2msrc/modules/realtime/glo-underglow.js[22m
[2m9:58:31 PM[22m [36m[1m[vite][22m[39m [90m[2m(client)[22m[39m [32mpage reload [39m[2msrc/modules/realtime/glo-underglow.js[22m
[2m9:58:35 PM[22m [36m[1m[vite][22m[39m [90m[2m(client)[22m[39m [32mpage reload [39m[2msrc/modules/realtime/glo-underglow.js[22m
[2m9:58:44 PM[22m [36m[1m[vite][22m[39m [90m[2m(client)[22m[39m [32mpage reload [39m[2msrc/modules/realtime/glo-underglow.js[22m
[2m9:59:10 PM[22m [36m[1m[vite][22m[39m [90m[2m(client)[22m[39m [32mpage reload [39m[2msrc/modules/realtime/kart-vfx.js[22m
[2m9:59:15 PM[22m [36m[1m[vite][22m[39m [90m[2m(client)[22m[39m [32mpage reload [39m[2msrc/modules/realtime/kart-vfx.js[22m
[2m9:59:29 PM[22m [36m[1m[vite][22m[39m [90m[2m(client)[22m[39m [32mpage reload [39m[2msrc/modules/realtime/kart-vfx.js[22m
[2m9:59:43 PM[22m [36m[1m[vite][22m[39m [90m[2m(client)[22m[39m [32mpage reload [39m[2msrc/modules/realtime/kart-vfx.js[22m
[2m9:59:52 PM[22m [36m[1m[vite][22m[39m [90m[2m(client)[22m[39m [32mpage reload [39m[2msrc/modules/realtime/kart-vfx.js[22m
[2m10:00:05 PM[22m [36m[1m[vite][22m[39m [90m[2m(client)[22m[39m [32mpage reload [39m[2msrc/modules/realtime/kart-vfx.js[22m
[2m10:00:12 PM[22m [36m[1m[vite][22m[39m [90m[2m(client)[22m[39m [32mpage reload [39m[2msrc/modules/realtime/colyseus-babylon-client.js[22m
[2m10:00:20 PM[22m [36m[1m[vite][22m[39m [90m[2m(client)[22m[39m [32mpage reload [39m[2msrc/modules/realtime/colyseus-babylon-client.js[22m
[2m10:00:26 PM[22m [36m[1m[vite][22m[39m [90m[2m(client)[22m[39m [32mpage reload [39m[2msrc/modules/realtime/colyseus-babylon-client.js[22m
[2m10:00:38 PM[22m [36m[1m[vite][22m[39m [90m[2m(client)[22m[39m [32mpage reload [39m[2msrc/modules/realtime/colyseus-babylon-client.js[22m
[2m10:00:52 PM[22m [36m[1m[vite][22m[39m [90m[2m(client)[22m[39m [32mpage reload [39m[2msrc/modules/battle/weapon-models.js[22m
[2m10:01:01 PM[22m [36m[1m[vite][22m[39m [90m[2m(client)[22m[39m [32mpage reload [39m[2msrc/modules/battle/weapon-models.js[22m
[2m10:01:17 PM[22m [36m[1m[vite][22m[39m [90m[2m(client)[22m[39m [32mpage reload [39m[2msrc/modules/realtime/colyseus-babylon-client.js[22m
[2m10:05:00 PM[22m [36m[1m[vite][22m[39m [90m[2m(client)[22m[39m [32mpage reload [39m[2mtests/reports/html/index.html[22m
[2m10:05:00 PM[22m [36m[1m[vite][22m[39m [90m[2m(client)[22m[39m [32mpage reload [39m[2mtests/reports/html/trace/index.html[22m
[2m10:05:00 PM[22m [36m[1m[vite][22m[39m [90m[2m(client)[22m[39m [32mpage reload [39m[2mtests/reports/html/trace/snapshot.html[22m
[2m10:05:00 PM[22m [36m[1m[vite][22m[39m [90m[2m(client)[22m[39m [32mpage reload [39m[2mtests/reports/html/trace/uiMode.html[22m
[2m10:05:00 PM[22m [36m[1m[vite][22m[39m [90m[2m(client)[22m[39m [32mpage reload [39m[2mtests/reports/html/index.html[22m
[2m10:06:10 PM[22m [36m[1m[vite][22m[39m [90m[2m(client)[22m[39m [32mpage reload [39m[2msrc/modules/realtime/colyseus-babylon-client.js[22m
[2m10:07:22 PM[22m [36m[1m[vite][22m[39m [90m[2m(client)[22m[39m [32mpage reload [39m[2msrc/modules/perf-tier.js[22m
[2m10:07:28 PM[22m [36m[1m[vite][22m[39m [90m[2m(client)[22m[39m [32mpage reload [39m[2msrc/modules/realtime/colyseus-babylon-client.js[22m
[2m10:12:06 PM[22m [36m[1m[vite][22m[39m [90m[2m(client)[22m[39m [32mpage reload [39m[2mtests/reports/html/index.html[22m
[2m10:12:06 PM[22m [36m[1m[vite][22m[39m [90m[2m(client)[22m[39m [32mpage reload [39m[2mtests/reports/html/trace/index.html[22m
[2m10:12:06 PM[22m [36m[1m[vite][22m[39m [90m[2m(client)[22m[39m [32mpage reload [39m[2mtests/reports/html/trace/snapshot.html[22m
[2m10:12:06 PM[22m [36m[1m[vite][22m[39m [90m[2m(client)[22m[39m [32mpage reload [39m[2mtests/reports/html/trace/uiMode.html[22m
[2m10:12:06 PM[22m [36m[1m[vite][22m[39m [90m[2m(client)[22m[39m [32mpage reload [39m[2mtests/reports/html/index.html[22m
[2m10:12:06 PM[22m [36m[1m[vite][22m[39m [90m[2m(client)[22m[39m [32mpage reload [39m[2mtests/reports/html/trace/index.html[22m
[2m10:12:06 PM[22m [36m[1m[vite][22m[39m [90m[2m(client)[22m[39m [32mpage reload [39m[2mtests/reports/html/trace/snapshot.html[22m
[2m10:12:06 PM[22m [36m[1m[vite][22m[39m [90m[2m(client)[22m[39m [32mpage reload [39m[2mtests/reports/html/index.html[22m
[2m10:12:06 PM[22m [36m[1m[vite][22m[39m [90m[2m(client)[22m[39m [32mpage reload [39m[2mtests/reports/html/trace/uiMode.html[22m
[2m10:13:08 PM[22m [36m[1m[vite][22m[39m [90m[2m(client)[22m[39m [32mpage reload [39m[2mtests/reports/html/index.html[22m
[2m10:13:09 PM[22m [36m[1m[vite][22m[39m [90m[2m(client)[22m[39m [32mpage reload [39m[2mtests/reports/html/trace/index.html[22m
[2m10:13:09 PM[22m [36m[1m[vite][22m[39m [90m[2m(client)[22m[39m [32mpage reload [39m[2mtests/reports/html/trace/snapshot.html[22m
[2m10:13:09 PM[22m [36m[1m[vite][22m[39m [90m[2m(client)[22m[39m [32mpage reload [39m[2mtests/reports/html/trace/uiMode.html[22m
[2m10:14:54 PM[22m [36m[1m[vite][22m[39m [90m[2m(client)[22m[39m [32mpage reload [39m[2mtests/reports/html/index.html[22m
[2m10:19:41 PM[22m [36m[1m[vite][22m[39m [90m[2m(client)[22m[39m [32mpage reload [39m[2msrc/modules/battle/battle-vfx.js[22m
[2m10:19:48 PM[22m [36m[1m[vite][22m[39m [90m[2m(client)[22m[39m [32mpage reload [39m[2msrc/modules/realtime/colyseus-babylon-client.js[22m
[2m10:19:53 PM[22m [36m[1m[vite][22m[39m [90m[2m(client)[22m[39m [32mpage reload [39m[2msrc/modules/realtime/colyseus-babylon-client.js[22m
[2m10:21:12 PM[22m [36m[1m[vite][22m[39m [90m[2m(client)[22m[39m [32mpage reload [39m[2mtests/reports/html/index.html[22m
[2m10:28:28 PM[22m [36m[1m[vite][22m[39m [90m[2m(client)[22m[39m [32mpage reload [39m[2msrc/modules/battle/battle-assets.js[22m
[2m10:29:24 PM[22m [36m[1m[vite][22m[39m [90m[2m(client)[22m[39m [32mpage reload [39m[2msrc/modules/battle/battle-assets.js[22m
[2m10:30:08 PM[22m [36m[1m[vite][22m[39m [90m[2m(client)[22m[39m [32mpage reload [39m[2msrc/modules/realtime/colyseus-babylon-client.js[22m
[2m10:30:13 PM[22m [36m[1m[vite][22m[39m [90m[2m(client)[22m[39m [32mpage reload [39m[2msrc/modules/realtime/colyseus-babylon-client.js[22m
[2m10:30:20 PM[22m [36m[1m[vite][22m[39m [90m[2m(client)[22m[39m [32mpage reload [39m[2msrc/modules/realtime/colyseus-babylon-client.js[22m
[2m10:30:24 PM[22m [36m[1m[vite][22m[39m [90m[2m(client)[22m[39m [32mpage reload [39m[2msrc/modules/realtime/colyseus-babylon-client.js[22m
[2m10:30:26 PM[22m [36m[1m[vite][22m[39m [90m[2m(client)[22m[39m [32mpage reload [39m[2msrc/modules/realtime/colyseus-babylon-client.js[22m
[2m10:30:29 PM[22m [36m[1m[vite][22m[39m [90m[2m(client)[22m[39m [32mpage reload [39m[2msrc/modules/realtime/colyseus-babylon-client.js[22m
[2m10:30:35 PM[22m [36m[1m[vite][22m[39m [90m[2m(client)[22m[39m [32mpage reload [39m[2msrc/modules/realtime/colyseus-babylon-client.js[22m
[2m10:30:42 PM[22m [36m[1m[vite][22m[39m [90m[2m(client)[22m[39m [32mpage reload [39m[2msrc/modules/battle/battle-assets.js[22m
[2m10:34:21 PM[22m [36m[1m[vite][22m[39m [90m[2m(client)[22m[39m [32mpage reload [39m[2msrc/modules/battle/battle-assets.js[22m
[2m10:34:24 PM[22m [36m[1m[vite][22m[39m [90m[2m(client)[22m[39m [32mpage reload [39m[2msrc/modules/game-audio.js[22m
[2m10:38:31 PM[22m [36m[1m[vite][22m[39m [90m[2m(client)[22m[39m [32mpage reload [39m[2msrc/modules/realtime/colyseus-babylon-client.js[22m
[2m10:38:39 PM[22m [36m[1m[vite][22m[39m [90m[2m(client)[22m[39m [32mpage reload [39m[2msrc/modules/realtime/colyseus-babylon-client.js[22m
[2m10:38:55 PM[22m [36m[1m[vite][22m[39m [90m[2m(client)[22m[39m [32mpage reload [39m[2msrc/modules/realtime/colyseus-babylon-client.js[22m
[2m10:45:29 PM[22m [36m[1m[vite][22m[39m [90m[2m(client)[22m[39m [32mpage reload [39m[2msrc/modules/realtime/colyseus-babylon-client.js[22m
[2m10:45:38 PM[22m [36m[1m[vite][22m[39m [90m[2m(client)[22m[39m [32mpage reload [39m[2msrc/modules/battle/battle-assets.js[22m
[2m10:48:15 PM[22m [36m[1m[vite][22m[39m [90m[2m(client)[22m[39m [32mpage reload [39m[2msrc/modules/battle/weapon-models.js[22m
[2m10:48:33 PM[22m [36m[1m[vite][22m[39m [90m[2m(client)[22m[39m [32mpage reload [39m[2msrc/modules/realtime/colyseus-babylon-client.js[22m
[2m10:48:50 PM[22m [36m[1m[vite][22m[39m [90m[2m(client)[22m[39m [32mpage reload [39m[2msrc/modules/battle/battle-vfx.js[22m
[2m10:50:58 PM[22m [36m[1m[vite][22m[39m [90m[2m(client)[22m[39m [32mpage reload [39m[2msrc/modules/battle/battle-assets.js[22m
[2m10:51:01 PM[22m [36m[1m[vite][22m[39m [90m[2m(client)[22m[39m [32mpage reload [39m[2msrc/modules/game-audio.js[22m
[2m10:55:39 PM[22m [36m[1m[vite][22m[39m [90m[2m(client)[22m[39m [32mpage reload [39m[2msrc/modules/realtime/colyseus-babylon-client.js[22m
[2m10:55:45 PM[22m [36m[1m[vite][22m[39m [90m[2m(client)[22m[39m [32mpage reload [39m[2msrc/modules/realtime/colyseus-babylon-client.js[22m
[2m11:00:08 PM[22m [36m[1m[vite][22m[39m [90m[2m(client)[22m[39m [32mpage reload [39m[2msrc/modules/weapons/targeting.js[22m
[2m11:00:25 PM[22m [36m[1m[vite][22m[39m [90m[2m(client)[22m[39m [32mpage reload [39m[2msrc/modules/battle-hud.js[22m
[2m11:00:55 PM[22m [36m[1m[vite][22m[39m [90m[2m(client)[22m[39m [32mpage reload [39m[2msrc/modules/game-audio.js[22m
[2m11:01:03 PM[22m [36m[1m[vite][22m[39m [90m[2m(client)[22m[39m [32mpage reload [39m[2msrc/modules/game-audio.js[22m
[2m11:01:14 PM[22m [36m[1m[vite][22m[39m [90m[2m(client)[22m[39m [32mpage reload [39m[2msrc/modules/realtime/colyseus-babylon-client.js[22m
[2m11:01:33 PM[22m [36m[1m[vite][22m[39m [90m[2m(client)[22m[39m [32mpage reload [39m[2msrc/modules/realtime/colyseus-babylon-client.js[22m
[2m11:09:46 PM[22m [36m[1m[vite][22m[39m [90m[2m(client)[22m[39m [32mpage reload [39m[2mtests/reports/html/index.html[22m
[2m11:09:46 PM[22m [36m[1m[vite][22m[39m [90m[2m(client)[22m[39m [32mpage reload [39m[2mtests/reports/html/index.html[22m
[2m11:09:46 PM[22m [36m[1m[vite][22m[39m [90m[2m(client)[22m[39m [32mpage reload [39m[2mtests/reports/html/trace/index.html[22m
[2m11:09:46 PM[22m [36m[1m[vite][22m[39m [90m[2m(client)[22m[39m [32mpage reload [39m[2mtests/reports/html/trace/snapshot.html[22m
[2m11:09:46 PM[22m [36m[1m[vite][22m[39m [90m[2m(client)[22m[39m [32mpage reload [39m[2mtests/reports/html/index.html[22m
[2m11:09:46 PM[22m [36m[1m[vite][22m[39m [90m[2m(client)[22m[39m [32mpage reload [39m[2mtests/reports/html/trace/uiMode.html[22m
[2m11:11:39 PM[22m [36m[1m[vite][22m[39m [90m[2m(client)[22m[39m [32mpage reload [39m[2msrc/modules/weapons/targeting.js[22m
[2m11:11:47 PM[22m [36m[1m[vite][22m[39m [90m[2m(client)[22m[39m [32mpage reload [39m[2msrc/modules/realtime/colyseus-babylon-client.js[22m
[2m11:13:44 PM[22m [36m[1m[vite][22m[39m [90m[2m(client)[22m[39m [32mpage reload [39m[2msrc/modules/realtime/colyseus-babylon-client.js[22m
[2m11:15:43 PM[22m [36m[1m[vite][22m[39m [90m[2m(client)[22m[39m [32mpage reload [39m[2mtests/reports/html/index.html[22m
[2m11:15:43 PM[22m [36m[1m[vite][22m[39m [90m[2m(client)[22m[39m [32mpage reload [39m[2mtests/reports/html/trace/index.html[22m
[2m11:15:43 PM[22m [36m[1m[vite][22m[39m [90m[2m(client)[22m[39m [32mpage reload [39m[2mtests/reports/html/trace/snapshot.html[22m
[2m11:15:43 PM[22m [36m[1m[vite][22m[39m [90m[2m(client)[22m[39m [32mpage reload [39m[2mtests/reports/html/trace/uiMode.html[22m
[2m11:15:43 PM[22m [36m[1m[vite][22m[39m [90m[2m(client)[22m[39m [32mpage reload [39m[2mtests/reports/html/trace/index.html[22m
[2m11:15:43 PM[22m [36m[1m[vite][22m[39m [90m[2m(client)[22m[39m [32mpage reload [39m[2mtests/reports/html/trace/snapshot.html[22m
[2m11:15:43 PM[22m [36m[1m[vite][22m[39m [90m[2m(client)[22m[39m [32mpage reload [39m[2mtests/reports/html/trace/uiMode.html[22m
[2m11:15:43 PM[22m [36m[1m[vite][22m[39m [90m[2m(client)[22m[39m [32mpage reload [39m[2mtests/reports/html/index.html[22m
[2m11:17:12 PM[22m [36m[1m[vite][22m[39m [90m[2m(client)[22m[39m [32mpage reload [39m[2mtests/reports/html/index.html[22m
[2m11:17:12 PM[22m [36m[1m[vite][22m[39m [90m[2m(client)[22m[39m [32mpage reload [39m[2mtests/reports/html/trace/index.html[22m
[2m11:17:12 PM[22m [36m[1m[vite][22m[39m [90m[2m(client)[22m[39m [32mpage reload [39m[2mtests/reports/html/trace/snapshot.html[22m
[2m11:17:12 PM[22m [36m[1m[vite][22m[39m [90m[2m(client)[22m[39m [32mpage reload [39m[2mtests/reports/html/trace/uiMode.html[22m
[2m11:17:12 PM[22m [36m[1m[vite][22m[39m [90m[2m(client)[22m[39m [32mpage reload [39m[2mtests/reports/html/trace/index.html[22m
[2m11:17:12 PM[22m [36m[1m[vite][22m[39m [90m[2m(client)[22m[39m [32mpage reload [39m[2mtests/reports/html/index.html[22m
[2m11:17:12 PM[22m [36m[1m[vite][22m[39m [90m[2m(client)[22m[39m [32mpage reload [39m[2mtests/reports/html/trace/snapshot.html[22m
[2m11:17:12 PM[22m [36m[1m[vite][22m[39m [90m[2m(client)[22m[39m [32mpage reload [39m[2mtests/reports/html/trace/uiMode.html[22m
[2m11:19:19 PM[22m [36m[1m[vite][22m[39m [90m[2m(client)[22m[39m [32mpage reload [39m[2mtests/reports/html/index.html[22m
[2m11:19:19 PM[22m [36m[1m[vite][22m[39m [90m[2m(client)[22m[39m [32mpage reload [39m[2mtests/reports/html/trace/index.html[22m
[2m11:19:19 PM[22m [36m[1m[vite][22m[39m [90m[2m(client)[22m[39m [32mpage reload [39m[2mtests/reports/html/trace/snapshot.html[22m
[2m11:19:19 PM[22m [36m[1m[vite][22m[39m [90m[2m(client)[22m[39m [32mpage reload [39m[2mtests/reports/html/trace/uiMode.html[22m
[2m11:19:19 PM[22m [36m[1m[vite][22m[39m [90m[2m(client)[22m[39m [32mpage reload [39m[2mtests/reports/html/index.html[22m
[2m11:19:19 PM[22m [36m[1m[vite][22m[39m [90m[2m(client)[22m[39m [32mpage reload [39m[2mtests/reports/html/index.html[22m
[2m11:19:19 PM[22m [36m[1m[vite][22m[39m [90m[2m(client)[22m[39m [32mpage reload [39m[2mtests/reports/html/trace/index.html[22m
[2m11:19:19 PM[22m [36m[1m[vite][22m[39m [90m[2m(client)[22m[39m [32mpage reload [39m[2mtests/reports/html/trace/snapshot.html[22m
[2m11:19:19 PM[22m [36m[1m[vite][22m[39m [90m[2m(client)[22m[39m [32mpage reload [39m[2mtests/reports/html/trace/uiMode.html[22m
[2m11:20:34 PM[22m [36m[1m[vite][22m[39m [90m[2m(client)[22m[39m [32mpage reload [39m[2mtests/reports/html/index.html[22m
[2m11:20:34 PM[22m [36m[1m[vite][22m[39m [90m[2m(client)[22m[39m [32mpage reload [39m[2mtests/reports/html/trace/index.html[22m
[2m11:20:34 PM[22m [36m[1m[vite][22m[39m [90m[2m(client)[22m[39m [32mpage reload [39m[2mtests/reports/html/trace/snapshot.html[22m
[2m11:20:34 PM[22m [36m[1m[vite][22m[39m [90m[2m(client)[22m[39m [32mpage reload [39m[2mtests/reports/html/trace/uiMode.html[22m
[2m11:20:34 PM[22m [36m[1m[vite][22m[39m [90m[2m(client)[22m[39m [32mpage reload [39m[2mtests/reports/html/index.html[22m
[2m11:20:34 PM[22m [36m[1m[vite][22m[39m [90m[2m(client)[22m[39m [32mpage reload [39m[2mtests/reports/html/trace/index.html[22m
[2m11:20:34 PM[22m [36m[1m[vite][22m[39m [90m[2m(client)[22m[39m [32mpage reload [39m[2mtests/reports/html/trace/snapshot.html[22m
[2m11:20:34 PM[22m [36m[1m[vite][22m[39m [90m[2m(client)[22m[39m [32mpage reload [39m[2mtests/reports/html/index.html[22m
[2m11:20:34 PM[22m [36m[1m[vite][22m[39m [90m[2m(client)[22m[39m [32mpage reload [39m[2mtests/reports/html/trace/uiMode.html[22m
[2m11:21:43 PM[22m [36m[1m[vite][22m[39m [90m[2m(client)[22m[39m [32mpage reload [39m[2mtests/reports/html/index.html[22m
[2m11:21:43 PM[22m [36m[1m[vite][22m[39m [90m[2m(client)[22m[39m [32mpage reload [39m[2mtests/reports/html/trace/index.html[22m
[2m11:21:43 PM[22m [36m[1m[vite][22m[39m [90m[2m(client)[22m[39m [32mpage reload [39m[2mtests/reports/html/trace/snapshot.html[22m
[2m11:21:43 PM[22m [36m[1m[vite][22m[39m [90m[2m(client)[22m[39m [32mpage reload [39m[2mtests/reports/html/trace/uiMode.html[22m
[2m11:27:15 PM[22m [36m[1m[vite][22m[39m [90m[2m(client)[22m[39m [32mpage reload [39m[2msrc/modules/game-audio.js[22m
[2m11:27:22 PM[22m [36m[1m[vite][22m[39m [90m[2m(client)[22m[39m [32mpage reload [39m[2msrc/modules/realtime/colyseus-babylon-client.js[22m
[2m11:33:24 PM[22m [36m[1m[vite][22m[39m [90m[2m(client)[22m[39m [32mpage reload [39m[2msrc/modules/realtime/colyseus-babylon-client.js[22m
[2m11:33:52 PM[22m [36m[1m[vite][22m[39m [90m[2m(client)[22m[39m [32mpage reload [39m[2msrc/modules/realtime/colyseus-babylon-client.js[22m
[2m11:33:59 PM[22m [36m[1m[vite][22m[39m [90m[2m(client)[22m[39m [32mpage reload [39m[2msrc/modules/realtime/colyseus-babylon-client.js[22m
[2m11:34:16 PM[22m [36m[1m[vite][22m[39m [90m[2m(client)[22m[39m [32mpage reload [39m[2msrc/modules/realtime/colyseus-babylon-client.js[22m
[2m11:41:52 PM[22m [36m[1m[vite][22m[39m [90m[2m(client)[22m[39m [32mpage reload [39m[2msrc/modules/gamepad-input.js[22m
[2m11:41:52 PM[22m [36m[1m[vite][22m[39m [90m[2m(client)[22m[39m [32mpage reload [39m[2msrc/modules/realtime/colyseus-babylon-client.js[22m
[2m11:43:11 PM[22m [36m[1m[vite][22m[39m [90m[2m(client)[22m[39m [32mpage reload [39m[2mtests/reports/html/index.html[22m
[2m11:43:11 PM[22m [36m[1m[vite][22m[39m [90m[2m(client)[22m[39m [32mpage reload [39m[2mtests/reports/html/trace/index.html[22m
[2m11:43:11 PM[22m [36m[1m[vite][22m[39m [90m[2m(client)[22m[39m [32mpage reload [39m[2mtests/reports/html/trace/snapshot.html[22m
[2m11:43:11 PM[22m [36m[1m[vite][22m[39m [90m[2m(client)[22m[39m [32mpage reload [39m[2mtests/reports/html/trace/uiMode.html[22m
[2m11:43:11 PM[22m [36m[1m[vite][22m[39m [90m[2m(client)[22m[39m [32mpage reload [39m[2mtests/reports/html/index.html[22m
[2m11:43:59 PM[22m [36m[1m[vite][22m[39m [90m[2m(client)[22m[39m [32mpage reload [39m[2mtests/reports/html/index.html[22m
[2m11:43:59 PM[22m [36m[1m[vite][22m[39m [90m[2m(client)[22m[39m [32mpage reload [39m[2mtests/reports/html/trace/index.html[22m
[2m11:43:59 PM[22m [36m[1m[vite][22m[39m [90m[2m(client)[22m[39m [32mpage reload [39m[2mtests/reports/html/trace/snapshot.html[22m
[2m11:43:59 PM[22m [36m[1m[vite][22m[39m [90m[2m(client)[22m[39m [32mpage reload [39m[2mtests/reports/html/trace/uiMode.html[22m
[2m11:44:00 PM[22m [36m[1m[vite][22m[39m [90m[2m(client)[22m[39m [32mpage reload [39m[2mtests/reports/html/trace/snapshot.html[22m
[2m11:44:00 PM[22m [36m[1m[vite][22m[39m [90m[2m(client)[22m[39m [32mpage reload [39m[2mtests/reports/html/trace/uiMode.html[22m
[2m11:44:00 PM[22m [36m[1m[vite][22m[39m [90m[2m(client)[22m[39m [32mpage reload [39m[2mtests/reports/html/index.html[22m
[2m11:44:24 PM[22m [36m[1m[vite][22m[39m [90m[2m(client)[22m[39m [32mpage reload [39m[2mtests/reports/html/index.html[22m
[2m11:44:24 PM[22m [36m[1m[vite][22m[39m [90m[2m(client)[22m[39m [32mpage reload [39m[2mtests/reports/html/trace/index.html[22m
[2m11:44:24 PM[22m [36m[1m[vite][22m[39m [90m[2m(client)[22m[39m [32mpage reload [39m[2mtests/reports/html/trace/snapshot.html[22m
[2m11:44:24 PM[22m [36m[1m[vite][22m[39m [90m[2m(client)[22m[39m [32mpage reload [39m[2mtests/reports/html/trace/uiMode.html[22m
[2m11:59:23 PM[22m [36m[1m[vite][22m[39m [90m[2m(client)[22m[39m [32mpage reload [39m[2mtests/reports/html/index.html[22m
[2m11:59:23 PM[22m [36m[1m[vite][22m[39m [90m[2m(client)[22m[39m [32mpage reload [39m[2mtests/reports/html/index.html[22m
[2m11:59:23 PM[22m [36m[1m[vite][22m[39m [90m[2m(client)[22m[39m [32mpage reload [39m[2mtests/reports/html/trace/index.html[22m
[2m11:59:23 PM[22m [36m[1m[vite][22m[39m [90m[2m(client)[22m[39m [32mpage reload [39m[2mtests/reports/html/trace/snapshot.html[22m
[2m11:59:23 PM[22m [36m[1m[vite][22m[39m [90m[2m(client)[22m[39m [32mpage reload [39m[2mtests/reports/html/index.html[22m
[2m11:59:23 PM[22m [36m[1m[vite][22m[39m [90m[2m(client)[22m[39m [32mpage reload [39m[2mtests/reports/html/trace/uiMode.html[22m
[2m12:03:15 AM[22m [36m[1m[vite][22m[39m [90m[2m(client)[22m[39m [32mpage reload [39m[2mtests/reports/html/index.html[22m
[2m12:03:15 AM[22m [36m[1m[vite][22m[39m [90m[2m(client)[22m[39m [32mpage reload [39m[2mtests/reports/html/trace/index.html[22m
[2m12:03:15 AM[22m [36m[1m[vite][22m[39m [90m[2m(client)[22m[39m [32mpage reload [39m[2mtests/reports/html/trace/snapshot.html[22m
[2m12:03:15 AM[22m [36m[1m[vite][22m[39m [90m[2m(client)[22m[39m [32mpage reload [39m[2mtests/reports/html/trace/uiMode.html[22m
[2m12:03:15 AM[22m [36m[1m[vite][22m[39m [90m[2m(client)[22m[39m [32mpage reload [39m[2mtests/reports/html/trace/index.html[22m
[2m12:03:15 AM[22m [36m[1m[vite][22m[39m [90m[2m(client)[22m[39m [32mpage reload [39m[2mtests/reports/html/trace/snapshot.html[22m
[2m12:03:15 AM[22m [36m[1m[vite][22m[39m [90m[2m(client)[22m[39m [32mpage reload [39m[2mtests/reports/html/index.html[22m
[2m12:03:15 AM[22m [36m[1m[vite][22m[39m [90m[2m(client)[22m[39m [32mpage reload [39m[2mtests/reports/html/trace/uiMode.html[22m
[2m12:16:13 AM[22m [36m[1m[vite][22m[39m [90m[2m(client)[22m[39m [32mpage reload [39m[2mtests/reports/html/index.html[22m
[2m12:16:13 AM[22m [36m[1m[vite][22m[39m [90m[2m(client)[22m[39m [32mpage reload [39m[2mtests/reports/html/trace/index.html[22m
[2m12:16:13 AM[22m [36m[1m[vite][22m[39m [90m[2m(client)[22m[39m [32mpage reload [39m[2mtests/reports/html/trace/snapshot.html[22m
[2m12:16:13 AM[22m [36m[1m[vite][22m[39m [90m[2m(client)[22m[39m [32mpage reload [39m[2mtests/reports/html/trace/uiMode.html[22m
[2m12:16:13 AM[22m [36m[1m[vite][22m[39m [90m[2m(client)[22m[39m [32mpage reload [39m[2mtests/reports/html/index.html[22m
[2m12:16:13 AM[22m [36m[1m[vite][22m[39m [90m[2m(client)[22m[39m [32mpage reload [39m[2mtests/reports/html/trace/index.html[22m
[2m12:16:13 AM[22m [36m[1m[vite][22m[39m [90m[2m(client)[22m[39m [32mpage reload [39m[2mtests/reports/html/trace/snapshot.html[22m
[2m12:16:13 AM[22m [36m[1m[vite][22m[39m [90m[2m(client)[22m[39m [32mpage reload [39m[2mtests/reports/html/trace/uiMode.html[22m
[2m12:16:13 AM[22m [36m[1m[vite][22m[39m [90m[2m(client)[22m[39m [32mpage reload [39m[2mtests/reports/html/index.html[22m
